[2025-06-24 01:05:11] google_news | 养老 | 429 Client Error: Too Many Requests for url: https://serpapi.com/search.json?engine=google_news&q=%E5%85%BB%E8%80%81&api_key=58b64c1579e705e959c09826bc621bbf941345d4617bdae14a0734492c4aa435&gl=cn&hl=zh-CN
[2025-06-24 01:05:20] google_news | 公积金 | 429 Client Error: Too Many Requests for url: https://serpapi.com/search.json?engine=google_news&q=%E5%85%AC%E7%A7%AF%E9%87%91&api_key=58b64c1579e705e959c09826bc621bbf941345d4617bdae14a0734492c4aa435&gl=cn&hl=zh-CN
[2025-06-24 01:05:28] google_news | 政府基金 | 429 Client Error: Too Many Requests for url: https://serpapi.com/search.json?engine=google_news&q=%E6%94%BF%E5%BA%9C%E5%9F%BA%E9%87%91&api_key=58b64c1579e705e959c09826bc621bbf941345d4617bdae14a0734492c4aa435&gl=cn&hl=zh-CN
[2025-06-24 01:05:36] google_news | 引导基金 | 429 Client Error: Too Many Requests for url: https://serpapi.com/search.json?engine=google_news&q=%E5%BC%95%E5%AF%BC%E5%9F%BA%E9%87%91&api_key=58b64c1579e705e959c09826bc621bbf941345d4617bdae14a0734492c4aa435&gl=cn&hl=zh-CN
[2025-06-24 01:05:45] google_news | 母基金 | 429 Client Error: Too Many Requests for url: https://serpapi.com/search.json?engine=google_news&q=%E6%AF%8D%E5%9F%BA%E9%87%91&api_key=58b64c1579e705e959c09826bc621bbf941345d4617bdae14a0734492c4aa435&gl=cn&hl=zh-CN
[2025-06-24 01:05:53] google_news | 战新基金 | 429 Client Error: Too Many Requests for url: https://serpapi.com/search.json?engine=google_news&q=%E6%88%98%E6%96%B0%E5%9F%BA%E9%87%91&api_key=58b64c1579e705e959c09826bc621bbf941345d4617bdae14a0734492c4aa435&gl=cn&hl=zh-CN
[2025-06-24 01:06:02] google_news | 江苏省国资委 | 429 Client Error: Too Many Requests for url: https://serpapi.com/search.json?engine=google_news&q=%E6%B1%9F%E8%8B%8F%E7%9C%81%E5%9B%BD%E8%B5%84%E5%A7%94&api_key=58b64c1579e705e959c09826bc621bbf941345d4617bdae14a0734492c4aa435&gl=cn&hl=zh-CN
[2025-06-24 01:06:10] google_news | 南京市国资委 | 429 Client Error: Too Many Requests for url: https://serpapi.com/search.json?engine=google_news&q=%E5%8D%97%E4%BA%AC%E5%B8%82%E5%9B%BD%E8%B5%84%E5%A7%94&api_key=58b64c1579e705e959c09826bc621bbf941345d4617bdae14a0734492c4aa435&gl=cn&hl=zh-CN
[2025-06-24 01:06:19] google_news | 江苏交通控股 | 429 Client Error: Too Many Requests for url: https://serpapi.com/search.json?engine=google_news&q=%E6%B1%9F%E8%8B%8F%E4%BA%A4%E9%80%9A%E6%8E%A7%E8%82%A1&api_key=58b64c1579e705e959c09826bc621bbf941345d4617bdae14a0734492c4aa435&gl=cn&hl=zh-CN
[2025-06-24 01:06:28] google_news | 苏豪 | 429 Client Error: Too Many Requests for url: https://serpapi.com/search.json?engine=google_news&q=%E8%8B%8F%E8%B1%AA&api_key=58b64c1579e705e959c09826bc621bbf941345d4617bdae14a0734492c4aa435&gl=cn&hl=zh-CN
[2025-06-24 01:06:36] google_news | 江苏国信集团 | 429 Client Error: Too Many Requests for url: https://serpapi.com/search.json?engine=google_news&q=%E6%B1%9F%E8%8B%8F%E5%9B%BD%E4%BF%A1%E9%9B%86%E5%9B%A2&api_key=58b64c1579e705e959c09826bc621bbf941345d4617bdae14a0734492c4aa435&gl=cn&hl=zh-CN
[2025-06-24 01:06:45] google_news | 东部机场 | 429 Client Error: Too Many Requests for url: https://serpapi.com/search.json?engine=google_news&q=%E4%B8%9C%E9%83%A8%E6%9C%BA%E5%9C%BA&api_key=58b64c1579e705e959c09826bc621bbf941345d4617bdae14a0734492c4aa435&gl=cn&hl=zh-CN
[2025-06-24 01:06:54] google_news | 中江集团 | 429 Client Error: Too Many Requests for url: https://serpapi.com/search.json?engine=google_news&q=%E4%B8%AD%E6%B1%9F%E9%9B%86%E5%9B%A2&api_key=58b64c1579e705e959c09826bc621bbf941345d4617bdae14a0734492c4aa435&gl=cn&hl=zh-CN
[2025-06-24 01:07:03] google_news | 江苏农垦 | 429 Client Error: Too Many Requests for url: https://serpapi.com/search.json?engine=google_news&q=%E6%B1%9F%E8%8B%8F%E5%86%9C%E5%9E%A6&api_key=58b64c1579e705e959c09826bc621bbf941345d4617bdae14a0734492c4aa435&gl=cn&hl=zh-CN
[2025-06-24 01:07:12] google_news | 徐矿集团 | 429 Client Error: Too Many Requests for url: https://serpapi.com/search.json?engine=google_news&q=%E5%BE%90%E7%9F%BF%E9%9B%86%E5%9B%A2&api_key=58b64c1579e705e959c09826bc621bbf941345d4617bdae14a0734492c4aa435&gl=cn&hl=zh-CN
[2025-06-24 01:07:20] google_news | 司库 | 429 Client Error: Too Many Requests for url: https://serpapi.com/search.json?engine=google_news&q=%E5%8F%B8%E5%BA%93&api_key=58b64c1579e705e959c09826bc621bbf941345d4617bdae14a0734492c4aa435&gl=cn&hl=zh-CN
[2025-06-25 01:05:11] google_news | 养老 | 429 Client Error: Too Many Requests for url: https://serpapi.com/search.json?engine=google_news&q=%E5%85%BB%E8%80%81&api_key=58b64c1579e705e959c09826bc621bbf941345d4617bdae14a0734492c4aa435&gl=cn&hl=zh-CN
[2025-06-25 01:05:20] google_news | 公积金 | 429 Client Error: Too Many Requests for url: https://serpapi.com/search.json?engine=google_news&q=%E5%85%AC%E7%A7%AF%E9%87%91&api_key=58b64c1579e705e959c09826bc621bbf941345d4617bdae14a0734492c4aa435&gl=cn&hl=zh-CN
[2025-06-25 01:05:29] google_news | 政府基金 | 429 Client Error: Too Many Requests for url: https://serpapi.com/search.json?engine=google_news&q=%E6%94%BF%E5%BA%9C%E5%9F%BA%E9%87%91&api_key=58b64c1579e705e959c09826bc621bbf941345d4617bdae14a0734492c4aa435&gl=cn&hl=zh-CN
[2025-06-25 01:05:37] google_news | 引导基金 | 429 Client Error: Too Many Requests for url: https://serpapi.com/search.json?engine=google_news&q=%E5%BC%95%E5%AF%BC%E5%9F%BA%E9%87%91&api_key=58b64c1579e705e959c09826bc621bbf941345d4617bdae14a0734492c4aa435&gl=cn&hl=zh-CN
[2025-06-25 01:05:46] google_news | 母基金 | 429 Client Error: Too Many Requests for url: https://serpapi.com/search.json?engine=google_news&q=%E6%AF%8D%E5%9F%BA%E9%87%91&api_key=58b64c1579e705e959c09826bc621bbf941345d4617bdae14a0734492c4aa435&gl=cn&hl=zh-CN
[2025-06-25 01:05:55] google_news | 战新基金 | 429 Client Error: Too Many Requests for url: https://serpapi.com/search.json?engine=google_news&q=%E6%88%98%E6%96%B0%E5%9F%BA%E9%87%91&api_key=58b64c1579e705e959c09826bc621bbf941345d4617bdae14a0734492c4aa435&gl=cn&hl=zh-CN
[2025-06-25 01:06:04] google_news | 江苏省国资委 | 429 Client Error: Too Many Requests for url: https://serpapi.com/search.json?engine=google_news&q=%E6%B1%9F%E8%8B%8F%E7%9C%81%E5%9B%BD%E8%B5%84%E5%A7%94&api_key=58b64c1579e705e959c09826bc621bbf941345d4617bdae14a0734492c4aa435&gl=cn&hl=zh-CN
[2025-06-25 01:06:12] google_news | 南京市国资委 | 429 Client Error: Too Many Requests for url: https://serpapi.com/search.json?engine=google_news&q=%E5%8D%97%E4%BA%AC%E5%B8%82%E5%9B%BD%E8%B5%84%E5%A7%94&api_key=58b64c1579e705e959c09826bc621bbf941345d4617bdae14a0734492c4aa435&gl=cn&hl=zh-CN
[2025-06-25 01:06:21] google_news | 江苏交通控股 | 429 Client Error: Too Many Requests for url: https://serpapi.com/search.json?engine=google_news&q=%E6%B1%9F%E8%8B%8F%E4%BA%A4%E9%80%9A%E6%8E%A7%E8%82%A1&api_key=58b64c1579e705e959c09826bc621bbf941345d4617bdae14a0734492c4aa435&gl=cn&hl=zh-CN
[2025-06-25 01:06:29] google_news | 苏豪 | 429 Client Error: Too Many Requests for url: https://serpapi.com/search.json?engine=google_news&q=%E8%8B%8F%E8%B1%AA&api_key=58b64c1579e705e959c09826bc621bbf941345d4617bdae14a0734492c4aa435&gl=cn&hl=zh-CN
[2025-06-25 01:06:38] google_news | 江苏国信集团 | 429 Client Error: Too Many Requests for url: https://serpapi.com/search.json?engine=google_news&q=%E6%B1%9F%E8%8B%8F%E5%9B%BD%E4%BF%A1%E9%9B%86%E5%9B%A2&api_key=58b64c1579e705e959c09826bc621bbf941345d4617bdae14a0734492c4aa435&gl=cn&hl=zh-CN
[2025-06-25 01:06:47] google_news | 东部机场 | 429 Client Error: Too Many Requests for url: https://serpapi.com/search.json?engine=google_news&q=%E4%B8%9C%E9%83%A8%E6%9C%BA%E5%9C%BA&api_key=58b64c1579e705e959c09826bc621bbf941345d4617bdae14a0734492c4aa435&gl=cn&hl=zh-CN
[2025-06-25 01:06:55] google_news | 中江集团 | 429 Client Error: Too Many Requests for url: https://serpapi.com/search.json?engine=google_news&q=%E4%B8%AD%E6%B1%9F%E9%9B%86%E5%9B%A2&api_key=58b64c1579e705e959c09826bc621bbf941345d4617bdae14a0734492c4aa435&gl=cn&hl=zh-CN
[2025-06-25 01:07:04] google_news | 江苏农垦 | 429 Client Error: Too Many Requests for url: https://serpapi.com/search.json?engine=google_news&q=%E6%B1%9F%E8%8B%8F%E5%86%9C%E5%9E%A6&api_key=58b64c1579e705e959c09826bc621bbf941345d4617bdae14a0734492c4aa435&gl=cn&hl=zh-CN
[2025-06-25 01:07:15] google_news | 徐矿集团 | 429 Client Error: Too Many Requests for url: https://serpapi.com/search.json?engine=google_news&q=%E5%BE%90%E7%9F%BF%E9%9B%86%E5%9B%A2&api_key=58b64c1579e705e959c09826bc621bbf941345d4617bdae14a0734492c4aa435&gl=cn&hl=zh-CN
[2025-06-25 01:07:24] google_news | 司库 | 429 Client Error: Too Many Requests for url: https://serpapi.com/search.json?engine=google_news&q=%E5%8F%B8%E5%BA%93&api_key=58b64c1579e705e959c09826bc621bbf941345d4617bdae14a0734492c4aa435&gl=cn&hl=zh-CN
[2025-06-26 01:05:12] google_news | 养老 | 429 Client Error: Too Many Requests for url: https://serpapi.com/search.json?engine=google_news&q=%E5%85%BB%E8%80%81&api_key=58b64c1579e705e959c09826bc621bbf941345d4617bdae14a0734492c4aa435&gl=cn&hl=zh-CN
[2025-06-26 01:05:22] google_news | 公积金 | 429 Client Error: Too Many Requests for url: https://serpapi.com/search.json?engine=google_news&q=%E5%85%AC%E7%A7%AF%E9%87%91&api_key=58b64c1579e705e959c09826bc621bbf941345d4617bdae14a0734492c4aa435&gl=cn&hl=zh-CN
[2025-06-26 01:05:32] google_news | 政府基金 | 429 Client Error: Too Many Requests for url: https://serpapi.com/search.json?engine=google_news&q=%E6%94%BF%E5%BA%9C%E5%9F%BA%E9%87%91&api_key=58b64c1579e705e959c09826bc621bbf941345d4617bdae14a0734492c4aa435&gl=cn&hl=zh-CN
[2025-06-26 01:05:42] google_news | 引导基金 | 429 Client Error: Too Many Requests for url: https://serpapi.com/search.json?engine=google_news&q=%E5%BC%95%E5%AF%BC%E5%9F%BA%E9%87%91&api_key=58b64c1579e705e959c09826bc621bbf941345d4617bdae14a0734492c4aa435&gl=cn&hl=zh-CN
[2025-06-26 01:05:52] google_news | 母基金 | 429 Client Error: Too Many Requests for url: https://serpapi.com/search.json?engine=google_news&q=%E6%AF%8D%E5%9F%BA%E9%87%91&api_key=58b64c1579e705e959c09826bc621bbf941345d4617bdae14a0734492c4aa435&gl=cn&hl=zh-CN
[2025-06-26 01:06:01] google_news | 战新基金 | 429 Client Error: Too Many Requests for url: https://serpapi.com/search.json?engine=google_news&q=%E6%88%98%E6%96%B0%E5%9F%BA%E9%87%91&api_key=58b64c1579e705e959c09826bc621bbf941345d4617bdae14a0734492c4aa435&gl=cn&hl=zh-CN
[2025-06-26 01:06:13] google_news | 江苏省国资委 | 429 Client Error: Too Many Requests for url: https://serpapi.com/search.json?engine=google_news&q=%E6%B1%9F%E8%8B%8F%E7%9C%81%E5%9B%BD%E8%B5%84%E5%A7%94&api_key=58b64c1579e705e959c09826bc621bbf941345d4617bdae14a0734492c4aa435&gl=cn&hl=zh-CN
[2025-06-26 01:06:22] google_news | 南京市国资委 | 429 Client Error: Too Many Requests for url: https://serpapi.com/search.json?engine=google_news&q=%E5%8D%97%E4%BA%AC%E5%B8%82%E5%9B%BD%E8%B5%84%E5%A7%94&api_key=58b64c1579e705e959c09826bc621bbf941345d4617bdae14a0734492c4aa435&gl=cn&hl=zh-CN
[2025-06-26 01:06:31] google_news | 江苏交通控股 | 429 Client Error: Too Many Requests for url: https://serpapi.com/search.json?engine=google_news&q=%E6%B1%9F%E8%8B%8F%E4%BA%A4%E9%80%9A%E6%8E%A7%E8%82%A1&api_key=58b64c1579e705e959c09826bc621bbf941345d4617bdae14a0734492c4aa435&gl=cn&hl=zh-CN
[2025-06-26 01:06:41] google_news | 苏豪 | 429 Client Error: Too Many Requests for url: https://serpapi.com/search.json?engine=google_news&q=%E8%8B%8F%E8%B1%AA&api_key=58b64c1579e705e959c09826bc621bbf941345d4617bdae14a0734492c4aa435&gl=cn&hl=zh-CN
[2025-06-26 01:06:52] google_news | 江苏国信集团 | 429 Client Error: Too Many Requests for url: https://serpapi.com/search.json?engine=google_news&q=%E6%B1%9F%E8%8B%8F%E5%9B%BD%E4%BF%A1%E9%9B%86%E5%9B%A2&api_key=58b64c1579e705e959c09826bc621bbf941345d4617bdae14a0734492c4aa435&gl=cn&hl=zh-CN
[2025-06-26 01:07:00] google_news | 东部机场 | 429 Client Error: Too Many Requests for url: https://serpapi.com/search.json?engine=google_news&q=%E4%B8%9C%E9%83%A8%E6%9C%BA%E5%9C%BA&api_key=58b64c1579e705e959c09826bc621bbf941345d4617bdae14a0734492c4aa435&gl=cn&hl=zh-CN
[2025-06-26 01:07:11] google_news | 中江集团 | 429 Client Error: Too Many Requests for url: https://serpapi.com/search.json?engine=google_news&q=%E4%B8%AD%E6%B1%9F%E9%9B%86%E5%9B%A2&api_key=58b64c1579e705e959c09826bc621bbf941345d4617bdae14a0734492c4aa435&gl=cn&hl=zh-CN
[2025-06-26 01:07:22] google_news | 江苏农垦 | 429 Client Error: Too Many Requests for url: https://serpapi.com/search.json?engine=google_news&q=%E6%B1%9F%E8%8B%8F%E5%86%9C%E5%9E%A6&api_key=58b64c1579e705e959c09826bc621bbf941345d4617bdae14a0734492c4aa435&gl=cn&hl=zh-CN
[2025-06-26 01:07:31] google_news | 徐矿集团 | 429 Client Error: Too Many Requests for url: https://serpapi.com/search.json?engine=google_news&q=%E5%BE%90%E7%9F%BF%E9%9B%86%E5%9B%A2&api_key=58b64c1579e705e959c09826bc621bbf941345d4617bdae14a0734492c4aa435&gl=cn&hl=zh-CN
[2025-06-26 01:07:40] google_news | 司库 | 429 Client Error: Too Many Requests for url: https://serpapi.com/search.json?engine=google_news&q=%E5%8F%B8%E5%BA%93&api_key=58b64c1579e705e959c09826bc621bbf941345d4617bdae14a0734492c4aa435&gl=cn&hl=zh-CN
[2025-06-27 01:05:11] google_news | 养老 | 429 Client Error: Too Many Requests for url: https://serpapi.com/search.json?engine=google_news&q=%E5%85%BB%E8%80%81&api_key=58b64c1579e705e959c09826bc621bbf941345d4617bdae14a0734492c4aa435&gl=cn&hl=zh-CN
[2025-06-27 01:05:20] google_news | 公积金 | 429 Client Error: Too Many Requests for url: https://serpapi.com/search.json?engine=google_news&q=%E5%85%AC%E7%A7%AF%E9%87%91&api_key=58b64c1579e705e959c09826bc621bbf941345d4617bdae14a0734492c4aa435&gl=cn&hl=zh-CN
[2025-06-27 01:05:29] google_news | 政府基金 | 429 Client Error: Too Many Requests for url: https://serpapi.com/search.json?engine=google_news&q=%E6%94%BF%E5%BA%9C%E5%9F%BA%E9%87%91&api_key=58b64c1579e705e959c09826bc621bbf941345d4617bdae14a0734492c4aa435&gl=cn&hl=zh-CN
[2025-06-27 01:05:37] google_news | 引导基金 | 429 Client Error: Too Many Requests for url: https://serpapi.com/search.json?engine=google_news&q=%E5%BC%95%E5%AF%BC%E5%9F%BA%E9%87%91&api_key=58b64c1579e705e959c09826bc621bbf941345d4617bdae14a0734492c4aa435&gl=cn&hl=zh-CN
[2025-06-27 01:05:45] google_news | 母基金 | 429 Client Error: Too Many Requests for url: https://serpapi.com/search.json?engine=google_news&q=%E6%AF%8D%E5%9F%BA%E9%87%91&api_key=58b64c1579e705e959c09826bc621bbf941345d4617bdae14a0734492c4aa435&gl=cn&hl=zh-CN
[2025-06-27 01:05:54] google_news | 战新基金 | 429 Client Error: Too Many Requests for url: https://serpapi.com/search.json?engine=google_news&q=%E6%88%98%E6%96%B0%E5%9F%BA%E9%87%91&api_key=58b64c1579e705e959c09826bc621bbf941345d4617bdae14a0734492c4aa435&gl=cn&hl=zh-CN
[2025-06-27 01:06:02] google_news | 江苏省国资委 | 429 Client Error: Too Many Requests for url: https://serpapi.com/search.json?engine=google_news&q=%E6%B1%9F%E8%8B%8F%E7%9C%81%E5%9B%BD%E8%B5%84%E5%A7%94&api_key=58b64c1579e705e959c09826bc621bbf941345d4617bdae14a0734492c4aa435&gl=cn&hl=zh-CN
[2025-06-27 01:06:10] google_news | 南京市国资委 | 429 Client Error: Too Many Requests for url: https://serpapi.com/search.json?engine=google_news&q=%E5%8D%97%E4%BA%AC%E5%B8%82%E5%9B%BD%E8%B5%84%E5%A7%94&api_key=58b64c1579e705e959c09826bc621bbf941345d4617bdae14a0734492c4aa435&gl=cn&hl=zh-CN
[2025-06-27 01:06:19] google_news | 江苏交通控股 | 429 Client Error: Too Many Requests for url: https://serpapi.com/search.json?engine=google_news&q=%E6%B1%9F%E8%8B%8F%E4%BA%A4%E9%80%9A%E6%8E%A7%E8%82%A1&api_key=58b64c1579e705e959c09826bc621bbf941345d4617bdae14a0734492c4aa435&gl=cn&hl=zh-CN
[2025-06-27 01:06:28] google_news | 苏豪 | 429 Client Error: Too Many Requests for url: https://serpapi.com/search.json?engine=google_news&q=%E8%8B%8F%E8%B1%AA&api_key=58b64c1579e705e959c09826bc621bbf941345d4617bdae14a0734492c4aa435&gl=cn&hl=zh-CN
[2025-06-27 01:06:36] google_news | 江苏国信集团 | 429 Client Error: Too Many Requests for url: https://serpapi.com/search.json?engine=google_news&q=%E6%B1%9F%E8%8B%8F%E5%9B%BD%E4%BF%A1%E9%9B%86%E5%9B%A2&api_key=58b64c1579e705e959c09826bc621bbf941345d4617bdae14a0734492c4aa435&gl=cn&hl=zh-CN
[2025-06-27 01:06:44] google_news | 东部机场 | 429 Client Error: Too Many Requests for url: https://serpapi.com/search.json?engine=google_news&q=%E4%B8%9C%E9%83%A8%E6%9C%BA%E5%9C%BA&api_key=58b64c1579e705e959c09826bc621bbf941345d4617bdae14a0734492c4aa435&gl=cn&hl=zh-CN
[2025-06-27 01:06:53] google_news | 中江集团 | 429 Client Error: Too Many Requests for url: https://serpapi.com/search.json?engine=google_news&q=%E4%B8%AD%E6%B1%9F%E9%9B%86%E5%9B%A2&api_key=58b64c1579e705e959c09826bc621bbf941345d4617bdae14a0734492c4aa435&gl=cn&hl=zh-CN
[2025-06-27 01:07:01] google_news | 江苏农垦 | 429 Client Error: Too Many Requests for url: https://serpapi.com/search.json?engine=google_news&q=%E6%B1%9F%E8%8B%8F%E5%86%9C%E5%9E%A6&api_key=58b64c1579e705e959c09826bc621bbf941345d4617bdae14a0734492c4aa435&gl=cn&hl=zh-CN
[2025-06-27 01:07:09] google_news | 徐矿集团 | 429 Client Error: Too Many Requests for url: https://serpapi.com/search.json?engine=google_news&q=%E5%BE%90%E7%9F%BF%E9%9B%86%E5%9B%A2&api_key=58b64c1579e705e959c09826bc621bbf941345d4617bdae14a0734492c4aa435&gl=cn&hl=zh-CN
[2025-06-27 01:07:20] google_news | 司库 | 429 Client Error: Too Many Requests for url: https://serpapi.com/search.json?engine=google_news&q=%E5%8F%B8%E5%BA%93&api_key=58b64c1579e705e959c09826bc621bbf941345d4617bdae14a0734492c4aa435&gl=cn&hl=zh-CN
[2025-06-28 01:05:12] google_news | 养老 | 429 Client Error: Too Many Requests for url: https://serpapi.com/search.json?engine=google_news&q=%E5%85%BB%E8%80%81&api_key=58b64c1579e705e959c09826bc621bbf941345d4617bdae14a0734492c4aa435&gl=cn&hl=zh-CN
[2025-06-28 01:05:22] google_news | 公积金 | 429 Client Error: Too Many Requests for url: https://serpapi.com/search.json?engine=google_news&q=%E5%85%AC%E7%A7%AF%E9%87%91&api_key=58b64c1579e705e959c09826bc621bbf941345d4617bdae14a0734492c4aa435&gl=cn&hl=zh-CN
[2025-06-28 01:05:31] google_news | 政府基金 | 429 Client Error: Too Many Requests for url: https://serpapi.com/search.json?engine=google_news&q=%E6%94%BF%E5%BA%9C%E5%9F%BA%E9%87%91&api_key=58b64c1579e705e959c09826bc621bbf941345d4617bdae14a0734492c4aa435&gl=cn&hl=zh-CN
[2025-06-28 01:05:40] google_news | 引导基金 | 429 Client Error: Too Many Requests for url: https://serpapi.com/search.json?engine=google_news&q=%E5%BC%95%E5%AF%BC%E5%9F%BA%E9%87%91&api_key=58b64c1579e705e959c09826bc621bbf941345d4617bdae14a0734492c4aa435&gl=cn&hl=zh-CN
[2025-06-28 01:05:50] google_news | 母基金 | 429 Client Error: Too Many Requests for url: https://serpapi.com/search.json?engine=google_news&q=%E6%AF%8D%E5%9F%BA%E9%87%91&api_key=58b64c1579e705e959c09826bc621bbf941345d4617bdae14a0734492c4aa435&gl=cn&hl=zh-CN
[2025-06-28 01:05:59] google_news | 战新基金 | 429 Client Error: Too Many Requests for url: https://serpapi.com/search.json?engine=google_news&q=%E6%88%98%E6%96%B0%E5%9F%BA%E9%87%91&api_key=58b64c1579e705e959c09826bc621bbf941345d4617bdae14a0734492c4aa435&gl=cn&hl=zh-CN
[2025-06-28 01:06:08] google_news | 江苏省国资委 | 429 Client Error: Too Many Requests for url: https://serpapi.com/search.json?engine=google_news&q=%E6%B1%9F%E8%8B%8F%E7%9C%81%E5%9B%BD%E8%B5%84%E5%A7%94&api_key=58b64c1579e705e959c09826bc621bbf941345d4617bdae14a0734492c4aa435&gl=cn&hl=zh-CN
[2025-06-28 01:06:17] google_news | 南京市国资委 | 429 Client Error: Too Many Requests for url: https://serpapi.com/search.json?engine=google_news&q=%E5%8D%97%E4%BA%AC%E5%B8%82%E5%9B%BD%E8%B5%84%E5%A7%94&api_key=58b64c1579e705e959c09826bc621bbf941345d4617bdae14a0734492c4aa435&gl=cn&hl=zh-CN
[2025-06-28 01:06:28] google_news | 江苏交通控股 | 429 Client Error: Too Many Requests for url: https://serpapi.com/search.json?engine=google_news&q=%E6%B1%9F%E8%8B%8F%E4%BA%A4%E9%80%9A%E6%8E%A7%E8%82%A1&api_key=58b64c1579e705e959c09826bc621bbf941345d4617bdae14a0734492c4aa435&gl=cn&hl=zh-CN
[2025-06-28 01:06:39] google_news | 苏豪 | 429 Client Error: Too Many Requests for url: https://serpapi.com/search.json?engine=google_news&q=%E8%8B%8F%E8%B1%AA&api_key=58b64c1579e705e959c09826bc621bbf941345d4617bdae14a0734492c4aa435&gl=cn&hl=zh-CN
[2025-06-28 01:06:49] google_news | 江苏国信集团 | 429 Client Error: Too Many Requests for url: https://serpapi.com/search.json?engine=google_news&q=%E6%B1%9F%E8%8B%8F%E5%9B%BD%E4%BF%A1%E9%9B%86%E5%9B%A2&api_key=58b64c1579e705e959c09826bc621bbf941345d4617bdae14a0734492c4aa435&gl=cn&hl=zh-CN
[2025-06-28 01:06:59] google_news | 东部机场 | 429 Client Error: Too Many Requests for url: https://serpapi.com/search.json?engine=google_news&q=%E4%B8%9C%E9%83%A8%E6%9C%BA%E5%9C%BA&api_key=58b64c1579e705e959c09826bc621bbf941345d4617bdae14a0734492c4aa435&gl=cn&hl=zh-CN
[2025-06-28 01:07:08] google_news | 中江集团 | 429 Client Error: Too Many Requests for url: https://serpapi.com/search.json?engine=google_news&q=%E4%B8%AD%E6%B1%9F%E9%9B%86%E5%9B%A2&api_key=58b64c1579e705e959c09826bc621bbf941345d4617bdae14a0734492c4aa435&gl=cn&hl=zh-CN
[2025-06-28 01:07:20] google_news | 江苏农垦 | 429 Client Error: Too Many Requests for url: https://serpapi.com/search.json?engine=google_news&q=%E6%B1%9F%E8%8B%8F%E5%86%9C%E5%9E%A6&api_key=58b64c1579e705e959c09826bc621bbf941345d4617bdae14a0734492c4aa435&gl=cn&hl=zh-CN
[2025-06-28 01:07:31] google_news | 徐矿集团 | 429 Client Error: Too Many Requests for url: https://serpapi.com/search.json?engine=google_news&q=%E5%BE%90%E7%9F%BF%E9%9B%86%E5%9B%A2&api_key=58b64c1579e705e959c09826bc621bbf941345d4617bdae14a0734492c4aa435&gl=cn&hl=zh-CN
[2025-06-28 01:07:40] google_news | 司库 | 429 Client Error: Too Many Requests for url: https://serpapi.com/search.json?engine=google_news&q=%E5%8F%B8%E5%BA%93&api_key=58b64c1579e705e959c09826bc621bbf941345d4617bdae14a0734492c4aa435&gl=cn&hl=zh-CN
[2025-06-29 01:05:12] google_news | 养老 | 429 Client Error: Too Many Requests for url: https://serpapi.com/search.json?engine=google_news&q=%E5%85%BB%E8%80%81&api_key=58b64c1579e705e959c09826bc621bbf941345d4617bdae14a0734492c4aa435&gl=cn&hl=zh-CN
[2025-06-29 01:05:20] google_news | 公积金 | 429 Client Error: Too Many Requests for url: https://serpapi.com/search.json?engine=google_news&q=%E5%85%AC%E7%A7%AF%E9%87%91&api_key=58b64c1579e705e959c09826bc621bbf941345d4617bdae14a0734492c4aa435&gl=cn&hl=zh-CN
[2025-06-29 01:05:30] google_news | 政府基金 | 429 Client Error: Too Many Requests for url: https://serpapi.com/search.json?engine=google_news&q=%E6%94%BF%E5%BA%9C%E5%9F%BA%E9%87%91&api_key=58b64c1579e705e959c09826bc621bbf941345d4617bdae14a0734492c4aa435&gl=cn&hl=zh-CN
[2025-06-29 01:05:40] google_news | 引导基金 | 429 Client Error: Too Many Requests for url: https://serpapi.com/search.json?engine=google_news&q=%E5%BC%95%E5%AF%BC%E5%9F%BA%E9%87%91&api_key=58b64c1579e705e959c09826bc621bbf941345d4617bdae14a0734492c4aa435&gl=cn&hl=zh-CN
[2025-06-29 01:05:50] google_news | 母基金 | 429 Client Error: Too Many Requests for url: https://serpapi.com/search.json?engine=google_news&q=%E6%AF%8D%E5%9F%BA%E9%87%91&api_key=58b64c1579e705e959c09826bc621bbf941345d4617bdae14a0734492c4aa435&gl=cn&hl=zh-CN
[2025-06-29 01:05:59] google_news | 战新基金 | 429 Client Error: Too Many Requests for url: https://serpapi.com/search.json?engine=google_news&q=%E6%88%98%E6%96%B0%E5%9F%BA%E9%87%91&api_key=58b64c1579e705e959c09826bc621bbf941345d4617bdae14a0734492c4aa435&gl=cn&hl=zh-CN
[2025-06-29 01:06:08] google_news | 江苏省国资委 | 429 Client Error: Too Many Requests for url: https://serpapi.com/search.json?engine=google_news&q=%E6%B1%9F%E8%8B%8F%E7%9C%81%E5%9B%BD%E8%B5%84%E5%A7%94&api_key=58b64c1579e705e959c09826bc621bbf941345d4617bdae14a0734492c4aa435&gl=cn&hl=zh-CN
[2025-06-29 01:06:18] google_news | 南京市国资委 | 429 Client Error: Too Many Requests for url: https://serpapi.com/search.json?engine=google_news&q=%E5%8D%97%E4%BA%AC%E5%B8%82%E5%9B%BD%E8%B5%84%E5%A7%94&api_key=58b64c1579e705e959c09826bc621bbf941345d4617bdae14a0734492c4aa435&gl=cn&hl=zh-CN
[2025-06-29 01:06:27] google_news | 江苏交通控股 | 429 Client Error: Too Many Requests for url: https://serpapi.com/search.json?engine=google_news&q=%E6%B1%9F%E8%8B%8F%E4%BA%A4%E9%80%9A%E6%8E%A7%E8%82%A1&api_key=58b64c1579e705e959c09826bc621bbf941345d4617bdae14a0734492c4aa435&gl=cn&hl=zh-CN
[2025-06-29 01:06:36] google_news | 苏豪 | 429 Client Error: Too Many Requests for url: https://serpapi.com/search.json?engine=google_news&q=%E8%8B%8F%E8%B1%AA&api_key=58b64c1579e705e959c09826bc621bbf941345d4617bdae14a0734492c4aa435&gl=cn&hl=zh-CN
[2025-06-29 01:06:45] google_news | 江苏国信集团 | 429 Client Error: Too Many Requests for url: https://serpapi.com/search.json?engine=google_news&q=%E6%B1%9F%E8%8B%8F%E5%9B%BD%E4%BF%A1%E9%9B%86%E5%9B%A2&api_key=58b64c1579e705e959c09826bc621bbf941345d4617bdae14a0734492c4aa435&gl=cn&hl=zh-CN
[2025-06-29 01:06:54] google_news | 东部机场 | 429 Client Error: Too Many Requests for url: https://serpapi.com/search.json?engine=google_news&q=%E4%B8%9C%E9%83%A8%E6%9C%BA%E5%9C%BA&api_key=58b64c1579e705e959c09826bc621bbf941345d4617bdae14a0734492c4aa435&gl=cn&hl=zh-CN
[2025-06-29 01:07:03] google_news | 中江集团 | 429 Client Error: Too Many Requests for url: https://serpapi.com/search.json?engine=google_news&q=%E4%B8%AD%E6%B1%9F%E9%9B%86%E5%9B%A2&api_key=58b64c1579e705e959c09826bc621bbf941345d4617bdae14a0734492c4aa435&gl=cn&hl=zh-CN
[2025-06-29 01:07:13] google_news | 江苏农垦 | 429 Client Error: Too Many Requests for url: https://serpapi.com/search.json?engine=google_news&q=%E6%B1%9F%E8%8B%8F%E5%86%9C%E5%9E%A6&api_key=58b64c1579e705e959c09826bc621bbf941345d4617bdae14a0734492c4aa435&gl=cn&hl=zh-CN
[2025-06-29 01:07:23] google_news | 徐矿集团 | 429 Client Error: Too Many Requests for url: https://serpapi.com/search.json?engine=google_news&q=%E5%BE%90%E7%9F%BF%E9%9B%86%E5%9B%A2&api_key=58b64c1579e705e959c09826bc621bbf941345d4617bdae14a0734492c4aa435&gl=cn&hl=zh-CN
[2025-06-29 01:07:33] google_news | 司库 | 429 Client Error: Too Many Requests for url: https://serpapi.com/search.json?engine=google_news&q=%E5%8F%B8%E5%BA%93&api_key=58b64c1579e705e959c09826bc621bbf941345d4617bdae14a0734492c4aa435&gl=cn&hl=zh-CN
[2025-06-30 01:05:13] google_news | 养老 | 429 Client Error: Too Many Requests for url: https://serpapi.com/search.json?engine=google_news&q=%E5%85%BB%E8%80%81&api_key=58b64c1579e705e959c09826bc621bbf941345d4617bdae14a0734492c4aa435&gl=cn&hl=zh-CN
[2025-06-30 01:05:22] google_news | 公积金 | 429 Client Error: Too Many Requests for url: https://serpapi.com/search.json?engine=google_news&q=%E5%85%AC%E7%A7%AF%E9%87%91&api_key=58b64c1579e705e959c09826bc621bbf941345d4617bdae14a0734492c4aa435&gl=cn&hl=zh-CN
[2025-06-30 01:05:32] google_news | 政府基金 | 429 Client Error: Too Many Requests for url: https://serpapi.com/search.json?engine=google_news&q=%E6%94%BF%E5%BA%9C%E5%9F%BA%E9%87%91&api_key=58b64c1579e705e959c09826bc621bbf941345d4617bdae14a0734492c4aa435&gl=cn&hl=zh-CN
[2025-06-30 01:05:41] google_news | 引导基金 | 429 Client Error: Too Many Requests for url: https://serpapi.com/search.json?engine=google_news&q=%E5%BC%95%E5%AF%BC%E5%9F%BA%E9%87%91&api_key=58b64c1579e705e959c09826bc621bbf941345d4617bdae14a0734492c4aa435&gl=cn&hl=zh-CN
[2025-06-30 01:05:50] google_news | 母基金 | 429 Client Error: Too Many Requests for url: https://serpapi.com/search.json?engine=google_news&q=%E6%AF%8D%E5%9F%BA%E9%87%91&api_key=58b64c1579e705e959c09826bc621bbf941345d4617bdae14a0734492c4aa435&gl=cn&hl=zh-CN
[2025-06-30 01:06:00] google_news | 战新基金 | 429 Client Error: Too Many Requests for url: https://serpapi.com/search.json?engine=google_news&q=%E6%88%98%E6%96%B0%E5%9F%BA%E9%87%91&api_key=58b64c1579e705e959c09826bc621bbf941345d4617bdae14a0734492c4aa435&gl=cn&hl=zh-CN
[2025-06-30 01:06:09] google_news | 江苏省国资委 | 429 Client Error: Too Many Requests for url: https://serpapi.com/search.json?engine=google_news&q=%E6%B1%9F%E8%8B%8F%E7%9C%81%E5%9B%BD%E8%B5%84%E5%A7%94&api_key=58b64c1579e705e959c09826bc621bbf941345d4617bdae14a0734492c4aa435&gl=cn&hl=zh-CN
[2025-06-30 01:06:18] google_news | 南京市国资委 | 429 Client Error: Too Many Requests for url: https://serpapi.com/search.json?engine=google_news&q=%E5%8D%97%E4%BA%AC%E5%B8%82%E5%9B%BD%E8%B5%84%E5%A7%94&api_key=58b64c1579e705e959c09826bc621bbf941345d4617bdae14a0734492c4aa435&gl=cn&hl=zh-CN
[2025-06-30 01:06:27] google_news | 江苏交通控股 | 429 Client Error: Too Many Requests for url: https://serpapi.com/search.json?engine=google_news&q=%E6%B1%9F%E8%8B%8F%E4%BA%A4%E9%80%9A%E6%8E%A7%E8%82%A1&api_key=58b64c1579e705e959c09826bc621bbf941345d4617bdae14a0734492c4aa435&gl=cn&hl=zh-CN
[2025-06-30 01:06:43] google_news | 苏豪 | 429 Client Error: Too Many Requests for url: https://serpapi.com/search.json?engine=google_news&q=%E8%8B%8F%E8%B1%AA&api_key=58b64c1579e705e959c09826bc621bbf941345d4617bdae14a0734492c4aa435&gl=cn&hl=zh-CN
[2025-06-30 01:06:52] google_news | 江苏国信集团 | 429 Client Error: Too Many Requests for url: https://serpapi.com/search.json?engine=google_news&q=%E6%B1%9F%E8%8B%8F%E5%9B%BD%E4%BF%A1%E9%9B%86%E5%9B%A2&api_key=58b64c1579e705e959c09826bc621bbf941345d4617bdae14a0734492c4aa435&gl=cn&hl=zh-CN
[2025-06-30 01:07:01] google_news | 东部机场 | 429 Client Error: Too Many Requests for url: https://serpapi.com/search.json?engine=google_news&q=%E4%B8%9C%E9%83%A8%E6%9C%BA%E5%9C%BA&api_key=58b64c1579e705e959c09826bc621bbf941345d4617bdae14a0734492c4aa435&gl=cn&hl=zh-CN
[2025-06-30 01:07:10] google_news | 中江集团 | 429 Client Error: Too Many Requests for url: https://serpapi.com/search.json?engine=google_news&q=%E4%B8%AD%E6%B1%9F%E9%9B%86%E5%9B%A2&api_key=58b64c1579e705e959c09826bc621bbf941345d4617bdae14a0734492c4aa435&gl=cn&hl=zh-CN
[2025-06-30 01:07:20] google_news | 江苏农垦 | 429 Client Error: Too Many Requests for url: https://serpapi.com/search.json?engine=google_news&q=%E6%B1%9F%E8%8B%8F%E5%86%9C%E5%9E%A6&api_key=58b64c1579e705e959c09826bc621bbf941345d4617bdae14a0734492c4aa435&gl=cn&hl=zh-CN
[2025-06-30 01:07:29] google_news | 徐矿集团 | 429 Client Error: Too Many Requests for url: https://serpapi.com/search.json?engine=google_news&q=%E5%BE%90%E7%9F%BF%E9%9B%86%E5%9B%A2&api_key=58b64c1579e705e959c09826bc621bbf941345d4617bdae14a0734492c4aa435&gl=cn&hl=zh-CN
[2025-06-30 01:07:38] google_news | 司库 | 429 Client Error: Too Many Requests for url: https://serpapi.com/search.json?engine=google_news&q=%E5%8F%B8%E5%BA%93&api_key=58b64c1579e705e959c09826bc621bbf941345d4617bdae14a0734492c4aa435&gl=cn&hl=zh-CN
[2025-07-01 01:05:14] google_news | 养老 | 429 Client Error: Too Many Requests for url: https://serpapi.com/search.json?engine=google_news&q=%E5%85%BB%E8%80%81&api_key=58b64c1579e705e959c09826bc621bbf941345d4617bdae14a0734492c4aa435&gl=cn&hl=zh-CN
[2025-07-01 01:05:23] google_news | 公积金 | 429 Client Error: Too Many Requests for url: https://serpapi.com/search.json?engine=google_news&q=%E5%85%AC%E7%A7%AF%E9%87%91&api_key=58b64c1579e705e959c09826bc621bbf941345d4617bdae14a0734492c4aa435&gl=cn&hl=zh-CN
[2025-07-01 01:05:32] google_news | 政府基金 | 429 Client Error: Too Many Requests for url: https://serpapi.com/search.json?engine=google_news&q=%E6%94%BF%E5%BA%9C%E5%9F%BA%E9%87%91&api_key=58b64c1579e705e959c09826bc621bbf941345d4617bdae14a0734492c4aa435&gl=cn&hl=zh-CN
[2025-07-01 01:05:41] google_news | 引导基金 | 429 Client Error: Too Many Requests for url: https://serpapi.com/search.json?engine=google_news&q=%E5%BC%95%E5%AF%BC%E5%9F%BA%E9%87%91&api_key=58b64c1579e705e959c09826bc621bbf941345d4617bdae14a0734492c4aa435&gl=cn&hl=zh-CN
[2025-07-01 01:05:50] google_news | 母基金 | 429 Client Error: Too Many Requests for url: https://serpapi.com/search.json?engine=google_news&q=%E6%AF%8D%E5%9F%BA%E9%87%91&api_key=58b64c1579e705e959c09826bc621bbf941345d4617bdae14a0734492c4aa435&gl=cn&hl=zh-CN
[2025-07-01 01:05:59] google_news | 战新基金 | 429 Client Error: Too Many Requests for url: https://serpapi.com/search.json?engine=google_news&q=%E6%88%98%E6%96%B0%E5%9F%BA%E9%87%91&api_key=58b64c1579e705e959c09826bc621bbf941345d4617bdae14a0734492c4aa435&gl=cn&hl=zh-CN
[2025-07-01 01:06:09] google_news | 江苏省国资委 | 429 Client Error: Too Many Requests for url: https://serpapi.com/search.json?engine=google_news&q=%E6%B1%9F%E8%8B%8F%E7%9C%81%E5%9B%BD%E8%B5%84%E5%A7%94&api_key=58b64c1579e705e959c09826bc621bbf941345d4617bdae14a0734492c4aa435&gl=cn&hl=zh-CN
[2025-07-01 01:06:18] google_news | 南京市国资委 | 429 Client Error: Too Many Requests for url: https://serpapi.com/search.json?engine=google_news&q=%E5%8D%97%E4%BA%AC%E5%B8%82%E5%9B%BD%E8%B5%84%E5%A7%94&api_key=58b64c1579e705e959c09826bc621bbf941345d4617bdae14a0734492c4aa435&gl=cn&hl=zh-CN
[2025-07-01 01:06:29] google_news | 江苏交通控股 | 429 Client Error: Too Many Requests for url: https://serpapi.com/search.json?engine=google_news&q=%E6%B1%9F%E8%8B%8F%E4%BA%A4%E9%80%9A%E6%8E%A7%E8%82%A1&api_key=58b64c1579e705e959c09826bc621bbf941345d4617bdae14a0734492c4aa435&gl=cn&hl=zh-CN
[2025-07-01 01:06:37] google_news | 苏豪 | 429 Client Error: Too Many Requests for url: https://serpapi.com/search.json?engine=google_news&q=%E8%8B%8F%E8%B1%AA&api_key=58b64c1579e705e959c09826bc621bbf941345d4617bdae14a0734492c4aa435&gl=cn&hl=zh-CN
[2025-07-01 01:06:47] google_news | 江苏国信集团 | 429 Client Error: Too Many Requests for url: https://serpapi.com/search.json?engine=google_news&q=%E6%B1%9F%E8%8B%8F%E5%9B%BD%E4%BF%A1%E9%9B%86%E5%9B%A2&api_key=58b64c1579e705e959c09826bc621bbf941345d4617bdae14a0734492c4aa435&gl=cn&hl=zh-CN
[2025-07-01 01:06:55] google_news | 东部机场 | 429 Client Error: Too Many Requests for url: https://serpapi.com/search.json?engine=google_news&q=%E4%B8%9C%E9%83%A8%E6%9C%BA%E5%9C%BA&api_key=58b64c1579e705e959c09826bc621bbf941345d4617bdae14a0734492c4aa435&gl=cn&hl=zh-CN
[2025-07-01 01:07:04] google_news | 中江集团 | 429 Client Error: Too Many Requests for url: https://serpapi.com/search.json?engine=google_news&q=%E4%B8%AD%E6%B1%9F%E9%9B%86%E5%9B%A2&api_key=58b64c1579e705e959c09826bc621bbf941345d4617bdae14a0734492c4aa435&gl=cn&hl=zh-CN
[2025-07-01 01:07:13] google_news | 江苏农垦 | 429 Client Error: Too Many Requests for url: https://serpapi.com/search.json?engine=google_news&q=%E6%B1%9F%E8%8B%8F%E5%86%9C%E5%9E%A6&api_key=58b64c1579e705e959c09826bc621bbf941345d4617bdae14a0734492c4aa435&gl=cn&hl=zh-CN
[2025-07-01 01:07:23] google_news | 徐矿集团 | 429 Client Error: Too Many Requests for url: https://serpapi.com/search.json?engine=google_news&q=%E5%BE%90%E7%9F%BF%E9%9B%86%E5%9B%A2&api_key=58b64c1579e705e959c09826bc621bbf941345d4617bdae14a0734492c4aa435&gl=cn&hl=zh-CN
[2025-07-01 01:07:31] google_news | 司库 | 429 Client Error: Too Many Requests for url: https://serpapi.com/search.json?engine=google_news&q=%E5%8F%B8%E5%BA%93&api_key=58b64c1579e705e959c09826bc621bbf941345d4617bdae14a0734492c4aa435&gl=cn&hl=zh-CN
[2025-07-10 02:52:10] ERROR
脚本: news_scorer.py
关键词: unknown
错误类型: MAIN_FUNCTION_ERROR
错误信息: news_scorer.py 执行过程中发生异常: 'gbk' codec can't encode character '\xa9' in position 938: illegal multibyte sequence
==================================================

[2025-07-10 03:04:10] ERROR
脚本: news_scorer.py
关键词: unknown
错误类型: MAIN_FUNCTION_ERROR
错误信息: news_scorer.py 执行过程中发生异常: 'gbk' codec can't encode character '\u2714' in position 821: illegal multibyte sequence
==================================================

[2025-07-10 03:21:38] ERROR
脚本: news_scorer.py
关键词: unknown
错误类型: MAIN_FUNCTION_ERROR
错误信息: news_scorer.py 执行过程中发生异常: 'gbk' codec can't encode character '\U0001f552' in position 25: illegal multibyte sequence
==================================================

[2025-07-10 03:53:32] ERROR
脚本: news_scorer.py
关键词: unknown
错误类型: MAIN_FUNCTION_ERROR
错误信息: news_scorer.py 执行过程中发生异常: 'gbk' codec can't encode character '\u261e' in position 2623: illegal multibyte sequence
==================================================

[2025-07-10 03:53:54] ERROR
脚本: news_summarizer.py
关键词: unknown
错误类型: PROGRAM_CRASH
错误信息: 'gbk' codec can't encode character '\U0001f4f0' in position 317: illegal multibyte sequence
详细堆栈:
Traceback (most recent call last):
  File "C:\serp_news_mainkeyword\error_handler.py", line 119, in wrapper
    return func(*args, **kwargs)
           ^^^^^^^^^^^^^^^^^^^^^
  File "C:\serp_news_mainkeyword\news_summarizer.py", line 373, in main
    prompt, summary, system_tokens, user_tokens, result_tokens, used_platform, used_model, token_limit_info = summarize_news(news_list, platform=platform, model_name=model, keyword=keyword)
                                                                                                              ^^^^^^^^^^^^^^^^^^^^^^^^^^^^^^^^^^^^^^^^^^^^^^^^^^^^^^^^^^^^^^^^^^^^^^^^^^^^^^^
  File "C:\serp_news_mainkeyword\news_summarizer.py", line 136, in summarize_news
    print(f"[system] {NEWS_SUMMARY_SYSTEM_PROMPT.strip()}")
UnicodeEncodeError: 'gbk' codec can't encode character '\U0001f4f0' in position 317: illegal multibyte sequence

上下文信息: {
  "stage": "main"
}
==================================================

[2025-07-10 03:53:54] ERROR
脚本: news_summarizer.py
关键词: unknown
错误类型: MAIN_ENTRY_ERROR
错误信息: news_summarizer.py 主程序执行过程中发生异常: 'gbk' codec can't encode character '\U0001f4ca' in position 2: illegal multibyte sequence
==================================================

[2025-07-10 03:53:54] ERROR
脚本: main.py
关键词: unknown
错误类型: SUBPROCESS_ERROR
错误信息: 命令执行失败，返回码: 1
错误输出: None of PyTorch, TensorFlow >= 2.0, or Flax have been found. Models won't be available and only tokenizers, configuration and file/data utilities can be used.

上下文信息: {
  "command": "python news_summarizer.py --date 2025-07-09",
  "step": "自动总结主关键词",
  "returncode": 1
}
==================================================

[2025-07-11 02:54:01] ERROR
脚本: fetch_content.py
关键词: unknown
错误类型: PROGRAM_CRASH
错误信息: HTTPConnectionPool(host='localhost', port=50709): Read timed out. (read timeout=120)
详细堆栈:
Traceback (most recent call last):
  File "c:\serp_news_mainkeyword\venv\Lib\site-packages\urllib3\connectionpool.py", line 534, in _make_request
    response = conn.getresponse()
               ^^^^^^^^^^^^^^^^^^
  File "c:\serp_news_mainkeyword\venv\Lib\site-packages\urllib3\connection.py", line 516, in getresponse
    httplib_response = super().getresponse()
                       ^^^^^^^^^^^^^^^^^^^^^
  File "C:\Users\Administrator\AppData\Local\Programs\Python\Python311\Lib\http\client.py", line 1390, in getresponse
    response.begin()
  File "C:\Users\Administrator\AppData\Local\Programs\Python\Python311\Lib\http\client.py", line 325, in begin
    version, status, reason = self._read_status()
                              ^^^^^^^^^^^^^^^^^^^
  File "C:\Users\Administrator\AppData\Local\Programs\Python\Python311\Lib\http\client.py", line 286, in _read_status
    line = str(self.fp.readline(_MAXLINE + 1), "iso-8859-1")
               ^^^^^^^^^^^^^^^^^^^^^^^^^^^^^^
  File "C:\Users\Administrator\AppData\Local\Programs\Python\Python311\Lib\socket.py", line 706, in readinto
    return self._sock.recv_into(b)
           ^^^^^^^^^^^^^^^^^^^^^^^
TimeoutError: timed out

The above exception was the direct cause of the following exception:

Traceback (most recent call last):
  File "C:\serp_news_mainkeyword\error_handler.py", line 119, in wrapper
    return func(*args, **kwargs)
           ^^^^^^^^^^^^^^^^^^^^^
  File "C:\serp_news_mainkeyword\fetch_content.py", line 393, in process_json
    content, wordcount, custom_grab = fetch_article_content(url)
                                      ^^^^^^^^^^^^^^^^^^^^^^^^^^
  File "C:\serp_news_mainkeyword\fetch_content.py", line 203, in fetch_article_content
    text, grab_type = grab_func(fetch_article_content_with_selenium_driver(url))
                                ^^^^^^^^^^^^^^^^^^^^^^^^^^^^^^^^^^^^^^^^^^^^^^^
  File "C:\serp_news_mainkeyword\fetch_content.py", line 322, in fetch_article_content_with_selenium_driver
    driver.get(url)
  File "c:\serp_news_mainkeyword\venv\Lib\site-packages\selenium\webdriver\remote\webdriver.py", line 472, in get
    self.execute(Command.GET, {"url": url})
  File "c:\serp_news_mainkeyword\venv\Lib\site-packages\selenium\webdriver\remote\webdriver.py", line 445, in execute
    response = self.command_executor.execute(driver_command, params)
               ^^^^^^^^^^^^^^^^^^^^^^^^^^^^^^^^^^^^^^^^^^^^^^^^^^^^^
  File "c:\serp_news_mainkeyword\venv\Lib\site-packages\selenium\webdriver\remote\remote_connection.py", line 404, in execute
    return self._request(command_info[0], url, body=data)
           ^^^^^^^^^^^^^^^^^^^^^^^^^^^^^^^^^^^^^^^^^^^^^^
  File "c:\serp_news_mainkeyword\venv\Lib\site-packages\selenium\webdriver\remote\remote_connection.py", line 428, in _request
    response = self._conn.request(method, url, body=body, headers=headers, timeout=self._client_config.timeout)
               ^^^^^^^^^^^^^^^^^^^^^^^^^^^^^^^^^^^^^^^^^^^^^^^^^^^^^^^^^^^^^^^^^^^^^^^^^^^^^^^^^^^^^^^^^^^^^^^^
  File "c:\serp_news_mainkeyword\venv\Lib\site-packages\urllib3\_request_methods.py", line 143, in request
    return self.request_encode_body(
           ^^^^^^^^^^^^^^^^^^^^^^^^^
  File "c:\serp_news_mainkeyword\venv\Lib\site-packages\urllib3\_request_methods.py", line 278, in request_encode_body
    return self.urlopen(method, url, **extra_kw)
           ^^^^^^^^^^^^^^^^^^^^^^^^^^^^^^^^^^^^^
  File "c:\serp_news_mainkeyword\venv\Lib\site-packages\urllib3\poolmanager.py", line 443, in urlopen
    response = conn.urlopen(method, u.request_uri, **kw)
               ^^^^^^^^^^^^^^^^^^^^^^^^^^^^^^^^^^^^^^^^^
  File "c:\serp_news_mainkeyword\venv\Lib\site-packages\urllib3\connectionpool.py", line 841, in urlopen
    retries = retries.increment(
              ^^^^^^^^^^^^^^^^^^
  File "c:\serp_news_mainkeyword\venv\Lib\site-packages\urllib3\util\retry.py", line 474, in increment
    raise reraise(type(error), error, _stacktrace)
          ^^^^^^^^^^^^^^^^^^^^^^^^^^^^^^^^^^^^^^^^
  File "c:\serp_news_mainkeyword\venv\Lib\site-packages\urllib3\util\util.py", line 39, in reraise
    raise value
  File "c:\serp_news_mainkeyword\venv\Lib\site-packages\urllib3\connectionpool.py", line 787, in urlopen
    response = self._make_request(
               ^^^^^^^^^^^^^^^^^^^
  File "c:\serp_news_mainkeyword\venv\Lib\site-packages\urllib3\connectionpool.py", line 536, in _make_request
    self._raise_timeout(err=e, url=url, timeout_value=read_timeout)
  File "c:\serp_news_mainkeyword\venv\Lib\site-packages\urllib3\connectionpool.py", line 367, in _raise_timeout
    raise ReadTimeoutError(
urllib3.exceptions.ReadTimeoutError: HTTPConnectionPool(host='localhost', port=50709): Read timed out. (read timeout=120)

上下文信息: {
  "stage": "正文抓取处理"
}
==================================================

[2025-07-11 04:27:55] ERROR
脚本: news_scorer.py
关键词: unknown
错误类型: MAIN_FUNCTION_ERROR
错误信息: news_scorer.py 执行过程中发生异常: 'gbk' codec can't encode character '\U0001f552' in position 25: illegal multibyte sequence
==================================================

[2025-07-11 05:06:56] ERROR
脚本: news_scorer.py
关键词: unknown
错误类型: MAIN_FUNCTION_ERROR
错误信息: news_scorer.py 执行过程中发生异常: 'gbk' codec can't encode character '\U0001f552' in position 25: illegal multibyte sequence
==================================================

[2025-07-11 05:23:23] ERROR
脚本: news_scorer.py
关键词: unknown
错误类型: MAIN_FUNCTION_ERROR
错误信息: news_scorer.py 执行过程中发生异常: 'gbk' codec can't encode character '\U0001f552' in position 25: illegal multibyte sequence
==================================================

[2025-07-11 10:27:40] ERROR
脚本: news_scorer.py
关键词: unknown
错误类型: MAIN_FUNCTION_ERROR
错误信息: news_scorer.py 执行过程中发生异常: 'gbk' codec can't encode character '\U0001f552' in position 25: illegal multibyte sequence
==================================================

[2025-07-11 10:31:39] ERROR
脚本: news_summarizer.py
关键词: unknown
错误类型: PROGRAM_CRASH
错误信息: 'gbk' codec can't encode character '\U0001f4f0' in position 320: illegal multibyte sequence
详细堆栈:
Traceback (most recent call last):
  File "C:\serp_news_mainkeyword\error_handler.py", line 119, in wrapper
    return func(*args, **kwargs)
           ^^^^^^^^^^^^^^^^^^^^^
  File "C:\serp_news_mainkeyword\news_summarizer.py", line 502, in main
    print(optimize_system_prompt.strip())
UnicodeEncodeError: 'gbk' codec can't encode character '\U0001f4f0' in position 320: illegal multibyte sequence

上下文信息: {
  "stage": "main"
}
==================================================

[2025-07-11 10:36:19] ERROR
脚本: news_summarizer.py
关键词: unknown
错误类型: PROGRAM_CRASH
错误信息: 'gbk' codec can't encode character '\U0001f4f0' in position 320: illegal multibyte sequence
详细堆栈:
Traceback (most recent call last):
  File "C:\serp_news_mainkeyword\error_handler.py", line 119, in wrapper
    return func(*args, **kwargs)
           ^^^^^^^^^^^^^^^^^^^^^
  File "C:\serp_news_mainkeyword\news_summarizer.py", line 502, in main
    print(optimize_system_prompt.strip())
UnicodeEncodeError: 'gbk' codec can't encode character '\U0001f4f0' in position 320: illegal multibyte sequence

上下文信息: {
  "stage": "main"
}
==================================================

[2025-07-11 10:40:04] ERROR
脚本: news_summarizer.py
关键词: unknown
错误类型: PROGRAM_CRASH
错误信息: 'gbk' codec can't encode character '\U0001f4f0' in position 320: illegal multibyte sequence
详细堆栈:
Traceback (most recent call last):
  File "C:\serp_news_mainkeyword\error_handler.py", line 119, in wrapper
    return func(*args, **kwargs)
           ^^^^^^^^^^^^^^^^^^^^^
  File "C:\serp_news_mainkeyword\news_summarizer.py", line 502, in main
    print(optimize_system_prompt.strip())
UnicodeEncodeError: 'gbk' codec can't encode character '\U0001f4f0' in position 320: illegal multibyte sequence

上下文信息: {
  "stage": "main"
}
==================================================

[2025-07-11 10:44:31] ERROR
脚本: news_summarizer.py
关键词: unknown
错误类型: PROGRAM_CRASH
错误信息: 'gbk' codec can't encode character '\U0001f4f0' in position 320: illegal multibyte sequence
详细堆栈:
Traceback (most recent call last):
  File "C:\serp_news_mainkeyword\error_handler.py", line 119, in wrapper
    return func(*args, **kwargs)
           ^^^^^^^^^^^^^^^^^^^^^
  File "C:\serp_news_mainkeyword\news_summarizer.py", line 502, in main
    print(optimize_system_prompt.strip())
UnicodeEncodeError: 'gbk' codec can't encode character '\U0001f4f0' in position 320: illegal multibyte sequence

上下文信息: {
  "stage": "main"
}
==================================================

[2025-07-11 10:44:32] ERROR
脚本: news_summarizer.py
关键词: unknown
错误类型: MAIN_ENTRY_ERROR
错误信息: news_summarizer.py 主程序执行过程中发生异常: 'gbk' codec can't encode character '\U0001f4ca' in position 2: illegal multibyte sequence
==================================================

[2025-07-11 10:44:36] ERROR
脚本: main.py
关键词: unknown
错误类型: SUBPROCESS_ERROR
错误信息: 命令执行失败，返回码: 1
错误输出: None of PyTorch, TensorFlow >= 2.0, or Flax have been found. Models won't be available and only tokenizers, configuration and file/data utilities can be used.
Token indices sequence length is longer than the specified maximum sequence length for this model (30822 > 16384). Running this sequence through the model will result in indexing errors

上下文信息: {
  "command": "python news_summarizer.py --date 2025-07-10",
  "step": "自动总结主关键词",
  "returncode": 1
}
==================================================

[2025-07-12 00:48:29] ERROR
脚本: fetch_content.py
关键词: unknown
错误类型: PROGRAM_CRASH
错误信息: 'gbk' codec can't encode character '\u274c' in position 5: illegal multibyte sequence
详细堆栈:
Traceback (most recent call last):
  File "C:\serp_news_mainkeyword\fetch_content.py", line 433, in process_json
    print(f"[{keyword}] ✅ 抓取成功 ({grab_type}): {wordcount} 字")
UnicodeEncodeError: 'gbk' codec can't encode character '\u2705' in position 5: illegal multibyte sequence

During handling of the above exception, another exception occurred:

Traceback (most recent call last):
  File "C:\serp_news_mainkeyword\error_handler.py", line 119, in wrapper
    return func(*args, **kwargs)
           ^^^^^^^^^^^^^^^^^^^^^
  File "C:\serp_news_mainkeyword\fetch_content.py", line 438, in process_json
    print(f"[{keyword}] ❌ 抓取异常: {str(e)}")
UnicodeEncodeError: 'gbk' codec can't encode character '\u274c' in position 5: illegal multibyte sequence

上下文信息: {
  "stage": "正文抓取处理"
}
==================================================

[2025-07-12 00:49:02] ERROR
脚本: fetch_content.py
关键词: unknown
错误类型: PROGRAM_CRASH
错误信息: 'gbk' codec can't encode character '\u274c' in position 6: illegal multibyte sequence
详细堆栈:
Traceback (most recent call last):
  File "C:\serp_news_mainkeyword\fetch_content.py", line 433, in process_json
    print(f"[{keyword}] ✅ 抓取成功 ({grab_type}): {wordcount} 字")
UnicodeEncodeError: 'gbk' codec can't encode character '\u2705' in position 6: illegal multibyte sequence

During handling of the above exception, another exception occurred:

Traceback (most recent call last):
  File "C:\serp_news_mainkeyword\error_handler.py", line 119, in wrapper
    return func(*args, **kwargs)
           ^^^^^^^^^^^^^^^^^^^^^
  File "C:\serp_news_mainkeyword\fetch_content.py", line 438, in process_json
    print(f"[{keyword}] ❌ 抓取异常: {str(e)}")
UnicodeEncodeError: 'gbk' codec can't encode character '\u274c' in position 6: illegal multibyte sequence

上下文信息: {
  "stage": "正文抓取处理"
}
==================================================

[2025-07-12 00:49:16] ERROR
脚本: fetch_content.py
关键词: unknown
错误类型: PROGRAM_CRASH
错误信息: 'gbk' codec can't encode character '\u274c' in position 7: illegal multibyte sequence
详细堆栈:
Traceback (most recent call last):
  File "C:\serp_news_mainkeyword\fetch_content.py", line 433, in process_json
    print(f"[{keyword}] ✅ 抓取成功 ({grab_type}): {wordcount} 字")
UnicodeEncodeError: 'gbk' codec can't encode character '\u2705' in position 7: illegal multibyte sequence

During handling of the above exception, another exception occurred:

Traceback (most recent call last):
  File "C:\serp_news_mainkeyword\error_handler.py", line 119, in wrapper
    return func(*args, **kwargs)
           ^^^^^^^^^^^^^^^^^^^^^
  File "C:\serp_news_mainkeyword\fetch_content.py", line 438, in process_json
    print(f"[{keyword}] ❌ 抓取异常: {str(e)}")
UnicodeEncodeError: 'gbk' codec can't encode character '\u274c' in position 7: illegal multibyte sequence

上下文信息: {
  "stage": "正文抓取处理"
}
==================================================

[2025-07-12 00:49:19] ERROR
脚本: fetch_content.py
关键词: unknown
错误类型: PROGRAM_CRASH
错误信息: 'gbk' codec can't encode character '\u274c' in position 9: illegal multibyte sequence
详细堆栈:
Traceback (most recent call last):
  File "C:\serp_news_mainkeyword\fetch_content.py", line 433, in process_json
    print(f"[{keyword}] ✅ 抓取成功 ({grab_type}): {wordcount} 字")
UnicodeEncodeError: 'gbk' codec can't encode character '\u2705' in position 9: illegal multibyte sequence

During handling of the above exception, another exception occurred:

Traceback (most recent call last):
  File "C:\serp_news_mainkeyword\error_handler.py", line 119, in wrapper
    return func(*args, **kwargs)
           ^^^^^^^^^^^^^^^^^^^^^
  File "C:\serp_news_mainkeyword\fetch_content.py", line 438, in process_json
    print(f"[{keyword}] ❌ 抓取异常: {str(e)}")
UnicodeEncodeError: 'gbk' codec can't encode character '\u274c' in position 9: illegal multibyte sequence

上下文信息: {
  "stage": "正文抓取处理"
}
==================================================

[2025-07-12 01:24:39] ERROR
脚本: news_scorer.py
关键词: unknown
错误类型: MAIN_FUNCTION_ERROR
错误信息: news_scorer.py 执行过程中发生异常: 'gbk' codec can't encode character '\u2705' in position 0: illegal multibyte sequence
==================================================

[2025-07-12 01:30:01] ERROR
脚本: news_scorer.py
关键词: unknown
错误类型: MAIN_FUNCTION_ERROR
错误信息: news_scorer.py 执行过程中发生异常: 'gbk' codec can't encode character '\u2705' in position 0: illegal multibyte sequence
==================================================

[2025-07-12 01:46:11] ERROR
脚本: news_scorer.py
关键词: unknown
错误类型: MAIN_FUNCTION_ERROR
错误信息: news_scorer.py 执行过程中发生异常: 'gbk' codec can't encode character '\u2705' in position 0: illegal multibyte sequence
==================================================

[2025-07-12 02:44:39] ERROR
脚本: news_scorer.py
关键词: unknown
错误类型: MAIN_FUNCTION_ERROR
错误信息: news_scorer.py 执行过程中发生异常: 'gbk' codec can't encode character '\u2705' in position 0: illegal multibyte sequence
==================================================

[2025-07-12 02:45:15] ERROR
脚本: news_summarizer.py
关键词: unknown
错误类型: PROGRAM_CRASH
错误信息: 'gbk' codec can't encode character '\U0001f916' in position 0: illegal multibyte sequence
详细堆栈:
Traceback (most recent call last):
  File "C:\serp_news_mainkeyword\error_handler.py", line 119, in wrapper
    return func(*args, **kwargs)
           ^^^^^^^^^^^^^^^^^^^^^
  File "C:\serp_news_mainkeyword\news_summarizer.py", line 464, in main
    prompt, summary, system_tokens, user_tokens, result_tokens, used_platform, used_model, token_limit_info = summarize_news(news_list, platform=platform, model_name=model, keyword=keyword)
                                                                                                              ^^^^^^^^^^^^^^^^^^^^^^^^^^^^^^^^^^^^^^^^^^^^^^^^^^^^^^^^^^^^^^^^^^^^^^^^^^^^^^^
  File "C:\serp_news_mainkeyword\news_summarizer.py", line 189, in summarize_news
    result, token_limit_info = call_llm(
                               ^^^^^^^^^
  File "C:\serp_news_mainkeyword\news_summarizer.py", line 290, in call_llm
    print(f"🤖 [尝试 {attempt}/{max_retries}] 正在调用 {platform}-{model_name} 模型...")
UnicodeEncodeError: 'gbk' codec can't encode character '\U0001f916' in position 0: illegal multibyte sequence

上下文信息: {
  "stage": "main"
}
==================================================

[2025-07-12 02:45:16] ERROR
脚本: news_summarizer.py
关键词: unknown
错误类型: PROGRAM_CRASH
错误信息: 'gbk' codec can't encode character '\U0001f916' in position 0: illegal multibyte sequence
详细堆栈:
Traceback (most recent call last):
  File "C:\serp_news_mainkeyword\error_handler.py", line 119, in wrapper
    return func(*args, **kwargs)
           ^^^^^^^^^^^^^^^^^^^^^
  File "C:\serp_news_mainkeyword\news_summarizer.py", line 464, in main
    prompt, summary, system_tokens, user_tokens, result_tokens, used_platform, used_model, token_limit_info = summarize_news(news_list, platform=platform, model_name=model, keyword=keyword)
                                                                                                              ^^^^^^^^^^^^^^^^^^^^^^^^^^^^^^^^^^^^^^^^^^^^^^^^^^^^^^^^^^^^^^^^^^^^^^^^^^^^^^^
  File "C:\serp_news_mainkeyword\news_summarizer.py", line 189, in summarize_news
    result, token_limit_info = call_llm(
                               ^^^^^^^^^
  File "C:\serp_news_mainkeyword\news_summarizer.py", line 290, in call_llm
    print(f"🤖 [尝试 {attempt}/{max_retries}] 正在调用 {platform}-{model_name} 模型...")
UnicodeEncodeError: 'gbk' codec can't encode character '\U0001f916' in position 0: illegal multibyte sequence

上下文信息: {
  "stage": "main"
}
==================================================

[2025-07-12 02:45:16] ERROR
脚本: news_summarizer.py
关键词: unknown
错误类型: PROGRAM_CRASH
错误信息: 'gbk' codec can't encode character '\U0001f916' in position 0: illegal multibyte sequence
详细堆栈:
Traceback (most recent call last):
  File "C:\serp_news_mainkeyword\error_handler.py", line 119, in wrapper
    return func(*args, **kwargs)
           ^^^^^^^^^^^^^^^^^^^^^
  File "C:\serp_news_mainkeyword\news_summarizer.py", line 464, in main
    prompt, summary, system_tokens, user_tokens, result_tokens, used_platform, used_model, token_limit_info = summarize_news(news_list, platform=platform, model_name=model, keyword=keyword)
                                                                                                              ^^^^^^^^^^^^^^^^^^^^^^^^^^^^^^^^^^^^^^^^^^^^^^^^^^^^^^^^^^^^^^^^^^^^^^^^^^^^^^^
  File "C:\serp_news_mainkeyword\news_summarizer.py", line 189, in summarize_news
    result, token_limit_info = call_llm(
                               ^^^^^^^^^
  File "C:\serp_news_mainkeyword\news_summarizer.py", line 290, in call_llm
    print(f"🤖 [尝试 {attempt}/{max_retries}] 正在调用 {platform}-{model_name} 模型...")
UnicodeEncodeError: 'gbk' codec can't encode character '\U0001f916' in position 0: illegal multibyte sequence

上下文信息: {
  "stage": "main"
}
==================================================

[2025-07-12 02:45:17] ERROR
脚本: news_summarizer.py
关键词: unknown
错误类型: PROGRAM_CRASH
错误信息: 'gbk' codec can't encode character '\U0001f916' in position 0: illegal multibyte sequence
详细堆栈:
Traceback (most recent call last):
  File "C:\serp_news_mainkeyword\error_handler.py", line 119, in wrapper
    return func(*args, **kwargs)
           ^^^^^^^^^^^^^^^^^^^^^
  File "C:\serp_news_mainkeyword\news_summarizer.py", line 464, in main
    prompt, summary, system_tokens, user_tokens, result_tokens, used_platform, used_model, token_limit_info = summarize_news(news_list, platform=platform, model_name=model, keyword=keyword)
                                                                                                              ^^^^^^^^^^^^^^^^^^^^^^^^^^^^^^^^^^^^^^^^^^^^^^^^^^^^^^^^^^^^^^^^^^^^^^^^^^^^^^^
  File "C:\serp_news_mainkeyword\news_summarizer.py", line 189, in summarize_news
    result, token_limit_info = call_llm(
                               ^^^^^^^^^
  File "C:\serp_news_mainkeyword\news_summarizer.py", line 290, in call_llm
    print(f"🤖 [尝试 {attempt}/{max_retries}] 正在调用 {platform}-{model_name} 模型...")
UnicodeEncodeError: 'gbk' codec can't encode character '\U0001f916' in position 0: illegal multibyte sequence

上下文信息: {
  "stage": "main"
}
==================================================

[2025-07-12 02:45:17] ERROR
脚本: news_summarizer.py
关键词: unknown
错误类型: MAIN_ENTRY_ERROR
错误信息: news_summarizer.py 主程序执行过程中发生异常: 'gbk' codec can't encode character '\U0001f4ca' in position 2: illegal multibyte sequence
==================================================

[2025-07-12 02:45:17] ERROR
脚本: main.py
关键词: unknown
错误类型: SUBPROCESS_ERROR
错误信息: 命令执行失败，返回码: 1
错误输出: None of PyTorch, TensorFlow >= 2.0, or Flax have been found. Models won't be available and only tokenizers, configuration and file/data utilities can be used.

上下文信息: {
  "command": "python news_summarizer.py --date 2025-07-11",
  "step": "自动总结主关键词",
  "returncode": 1
}
==================================================

[2025-07-12 10:53:39] ERROR
脚本: news_scorer.py
关键词: 江苏省郭子文
错误类型: FILE_NOT_FOUND
错误信息: 未找到文件: output\2025-07-11\2025-07-11_江苏省郭子文.json
==================================================

[2025-07-13 00:07:08] baidu_news | 公积金 | 429 Client Error: Too Many Requests for url: https://serpapi.com/search.json?engine=baidu_news&q=%E5%85%AC%E7%A7%AF%E9%87%91&api_key=58b64c1579e705e959c09826bc621bbf941345d4617bdae14a0734492c4aa435&rtt=4&pn=20
[2025-07-13 00:07:18] bing_news | 公积金 | 429 Client Error: Too Many Requests for url: https://serpapi.com/search.json?engine=bing_news&q=%E5%85%AC%E7%A7%AF%E9%87%91&api_key=58b64c1579e705e959c09826bc621bbf941345d4617bdae14a0734492c4aa435&mkt=zh-hk&qft=interval%3D%228%22
[2025-07-13 00:07:27] duckduckgo_news | 公积金 | 429 Client Error: Too Many Requests for url: https://serpapi.com/search.json?engine=duckduckgo_news&q=%E5%85%AC%E7%A7%AF%E9%87%91&api_key=58b64c1579e705e959c09826bc621bbf941345d4617bdae14a0734492c4aa435&kl=cn-zh&df=w
[2025-07-13 00:07:40] google_news | 政府基金 | 429 Client Error: Too Many Requests for url: https://serpapi.com/search.json?engine=google_news&q=%E6%94%BF%E5%BA%9C%E5%9F%BA%E9%87%91&api_key=58b64c1579e705e959c09826bc621bbf941345d4617bdae14a0734492c4aa435&gl=cn&hl=zh-CN
[2025-07-13 00:07:50] baidu_news | 政府基金 | 429 Client Error: Too Many Requests for url: https://serpapi.com/search.json?engine=baidu_news&q=%E6%94%BF%E5%BA%9C%E5%9F%BA%E9%87%91&api_key=58b64c1579e705e959c09826bc621bbf941345d4617bdae14a0734492c4aa435&rtt=4&pn=0
[2025-07-13 00:08:03] bing_news | 政府基金 | 429 Client Error: Too Many Requests for url: https://serpapi.com/search.json?engine=bing_news&q=%E6%94%BF%E5%BA%9C%E5%9F%BA%E9%87%91&api_key=58b64c1579e705e959c09826bc621bbf941345d4617bdae14a0734492c4aa435&mkt=zh-hk&qft=interval%3D%228%22
[2025-07-13 00:08:12] duckduckgo_news | 政府基金 | 429 Client Error: Too Many Requests for url: https://serpapi.com/search.json?engine=duckduckgo_news&q=%E6%94%BF%E5%BA%9C%E5%9F%BA%E9%87%91&api_key=58b64c1579e705e959c09826bc621bbf941345d4617bdae14a0734492c4aa435&kl=cn-zh&df=w
[2025-07-13 00:08:25] google_news | 引导基金 | 429 Client Error: Too Many Requests for url: https://serpapi.com/search.json?engine=google_news&q=%E5%BC%95%E5%AF%BC%E5%9F%BA%E9%87%91&api_key=58b64c1579e705e959c09826bc621bbf941345d4617bdae14a0734492c4aa435&gl=cn&hl=zh-CN
[2025-07-13 00:08:35] baidu_news | 引导基金 | 429 Client Error: Too Many Requests for url: https://serpapi.com/search.json?engine=baidu_news&q=%E5%BC%95%E5%AF%BC%E5%9F%BA%E9%87%91&api_key=58b64c1579e705e959c09826bc621bbf941345d4617bdae14a0734492c4aa435&rtt=4&pn=0
[2025-07-13 00:08:44] bing_news | 引导基金 | 429 Client Error: Too Many Requests for url: https://serpapi.com/search.json?engine=bing_news&q=%E5%BC%95%E5%AF%BC%E5%9F%BA%E9%87%91&api_key=58b64c1579e705e959c09826bc621bbf941345d4617bdae14a0734492c4aa435&mkt=zh-hk&qft=interval%3D%228%22
[2025-07-13 00:08:54] duckduckgo_news | 引导基金 | 429 Client Error: Too Many Requests for url: https://serpapi.com/search.json?engine=duckduckgo_news&q=%E5%BC%95%E5%AF%BC%E5%9F%BA%E9%87%91&api_key=58b64c1579e705e959c09826bc621bbf941345d4617bdae14a0734492c4aa435&kl=cn-zh&df=w
[2025-07-13 00:09:06] google_news | 母基金 | 429 Client Error: Too Many Requests for url: https://serpapi.com/search.json?engine=google_news&q=%E6%AF%8D%E5%9F%BA%E9%87%91&api_key=58b64c1579e705e959c09826bc621bbf941345d4617bdae14a0734492c4aa435&gl=cn&hl=zh-CN
[2025-07-13 00:09:20] baidu_news | 母基金 | 429 Client Error: Too Many Requests for url: https://serpapi.com/search.json?engine=baidu_news&q=%E6%AF%8D%E5%9F%BA%E9%87%91&api_key=58b64c1579e705e959c09826bc621bbf941345d4617bdae14a0734492c4aa435&rtt=4&pn=0
[2025-07-13 00:09:34] bing_news | 母基金 | 429 Client Error: Too Many Requests for url: https://serpapi.com/search.json?engine=bing_news&q=%E6%AF%8D%E5%9F%BA%E9%87%91&api_key=58b64c1579e705e959c09826bc621bbf941345d4617bdae14a0734492c4aa435&mkt=zh-hk&qft=interval%3D%228%22
[2025-07-13 00:09:47] duckduckgo_news | 母基金 | 429 Client Error: Too Many Requests for url: https://serpapi.com/search.json?engine=duckduckgo_news&q=%E6%AF%8D%E5%9F%BA%E9%87%91&api_key=58b64c1579e705e959c09826bc621bbf941345d4617bdae14a0734492c4aa435&kl=cn-zh&df=w
[2025-07-13 00:09:58] google_news | 江苏省国资委 | 429 Client Error: Too Many Requests for url: https://serpapi.com/search.json?engine=google_news&q=%E6%B1%9F%E8%8B%8F%E7%9C%81%E5%9B%BD%E8%B5%84%E5%A7%94&api_key=58b64c1579e705e959c09826bc621bbf941345d4617bdae14a0734492c4aa435&gl=cn&hl=zh-CN
[2025-07-13 00:10:07] baidu_news | 江苏省国资委 | 429 Client Error: Too Many Requests for url: https://serpapi.com/search.json?engine=baidu_news&q=%E6%B1%9F%E8%8B%8F%E7%9C%81%E5%9B%BD%E8%B5%84%E5%A7%94&api_key=58b64c1579e705e959c09826bc621bbf941345d4617bdae14a0734492c4aa435&rtt=4&pn=0
[2025-07-13 00:10:16] bing_news | 江苏省国资委 | 429 Client Error: Too Many Requests for url: https://serpapi.com/search.json?engine=bing_news&q=%E6%B1%9F%E8%8B%8F%E7%9C%81%E5%9B%BD%E8%B5%84%E5%A7%94&api_key=58b64c1579e705e959c09826bc621bbf941345d4617bdae14a0734492c4aa435&mkt=zh-hk&qft=interval%3D%228%22
[2025-07-13 00:10:30] duckduckgo_news | 江苏省国资委 | 429 Client Error: Too Many Requests for url: https://serpapi.com/search.json?engine=duckduckgo_news&q=%E6%B1%9F%E8%8B%8F%E7%9C%81%E5%9B%BD%E8%B5%84%E5%A7%94&api_key=58b64c1579e705e959c09826bc621bbf941345d4617bdae14a0734492c4aa435&kl=cn-zh&df=w
[2025-07-13 00:10:39] google_news | 江苏国信集团 | 429 Client Error: Too Many Requests for url: https://serpapi.com/search.json?engine=google_news&q=%E6%B1%9F%E8%8B%8F%E5%9B%BD%E4%BF%A1%E9%9B%86%E5%9B%A2&api_key=58b64c1579e705e959c09826bc621bbf941345d4617bdae14a0734492c4aa435&gl=cn&hl=zh-CN
[2025-07-13 00:10:50] baidu_news | 江苏国信集团 | 429 Client Error: Too Many Requests for url: https://serpapi.com/search.json?engine=baidu_news&q=%E6%B1%9F%E8%8B%8F%E5%9B%BD%E4%BF%A1%E9%9B%86%E5%9B%A2&api_key=58b64c1579e705e959c09826bc621bbf941345d4617bdae14a0734492c4aa435&rtt=4&pn=0
[2025-07-13 00:10:58] bing_news | 江苏国信集团 | 429 Client Error: Too Many Requests for url: https://serpapi.com/search.json?engine=bing_news&q=%E6%B1%9F%E8%8B%8F%E5%9B%BD%E4%BF%A1%E9%9B%86%E5%9B%A2&api_key=58b64c1579e705e959c09826bc621bbf941345d4617bdae14a0734492c4aa435&mkt=zh-hk&qft=interval%3D%228%22
[2025-07-13 00:11:08] duckduckgo_news | 江苏国信集团 | 429 Client Error: Too Many Requests for url: https://serpapi.com/search.json?engine=duckduckgo_news&q=%E6%B1%9F%E8%8B%8F%E5%9B%BD%E4%BF%A1%E9%9B%86%E5%9B%A2&api_key=58b64c1579e705e959c09826bc621bbf941345d4617bdae14a0734492c4aa435&kl=cn-zh&df=w
[2025-07-13 00:11:19] google_news | 江苏交通控股 | 429 Client Error: Too Many Requests for url: https://serpapi.com/search.json?engine=google_news&q=%E6%B1%9F%E8%8B%8F%E4%BA%A4%E9%80%9A%E6%8E%A7%E8%82%A1&api_key=58b64c1579e705e959c09826bc621bbf941345d4617bdae14a0734492c4aa435&gl=cn&hl=zh-CN
[2025-07-13 00:11:30] baidu_news | 江苏交通控股 | 429 Client Error: Too Many Requests for url: https://serpapi.com/search.json?engine=baidu_news&q=%E6%B1%9F%E8%8B%8F%E4%BA%A4%E9%80%9A%E6%8E%A7%E8%82%A1&api_key=58b64c1579e705e959c09826bc621bbf941345d4617bdae14a0734492c4aa435&rtt=4&pn=0
[2025-07-13 00:11:54] bing_news | 江苏交通控股 | 429 Client Error: Too Many Requests for url: https://serpapi.com/search.json?engine=bing_news&q=%E6%B1%9F%E8%8B%8F%E4%BA%A4%E9%80%9A%E6%8E%A7%E8%82%A1&api_key=58b64c1579e705e959c09826bc621bbf941345d4617bdae14a0734492c4aa435&mkt=zh-hk&qft=interval%3D%228%22
[2025-07-13 00:12:04] duckduckgo_news | 江苏交通控股 | 429 Client Error: Too Many Requests for url: https://serpapi.com/search.json?engine=duckduckgo_news&q=%E6%B1%9F%E8%8B%8F%E4%BA%A4%E9%80%9A%E6%8E%A7%E8%82%A1&api_key=58b64c1579e705e959c09826bc621bbf941345d4617bdae14a0734492c4aa435&kl=cn-zh&df=w
[2025-07-13 00:12:13] google_news | 东部机场 | 429 Client Error: Too Many Requests for url: https://serpapi.com/search.json?engine=google_news&q=%E4%B8%9C%E9%83%A8%E6%9C%BA%E5%9C%BA&api_key=58b64c1579e705e959c09826bc621bbf941345d4617bdae14a0734492c4aa435&gl=cn&hl=zh-CN
[2025-07-13 00:12:22] baidu_news | 东部机场 | 429 Client Error: Too Many Requests for url: https://serpapi.com/search.json?engine=baidu_news&q=%E4%B8%9C%E9%83%A8%E6%9C%BA%E5%9C%BA&api_key=58b64c1579e705e959c09826bc621bbf941345d4617bdae14a0734492c4aa435&rtt=4&pn=0
[2025-07-13 00:12:36] bing_news | 东部机场 | 429 Client Error: Too Many Requests for url: https://serpapi.com/search.json?engine=bing_news&q=%E4%B8%9C%E9%83%A8%E6%9C%BA%E5%9C%BA&api_key=58b64c1579e705e959c09826bc621bbf941345d4617bdae14a0734492c4aa435&mkt=zh-hk&qft=interval%3D%228%22
[2025-07-13 00:12:46] duckduckgo_news | 东部机场 | 429 Client Error: Too Many Requests for url: https://serpapi.com/search.json?engine=duckduckgo_news&q=%E4%B8%9C%E9%83%A8%E6%9C%BA%E5%9C%BA&api_key=58b64c1579e705e959c09826bc621bbf941345d4617bdae14a0734492c4aa435&kl=cn-zh&df=w
[2025-07-13 00:12:57] google_news | 苏豪 | 429 Client Error: Too Many Requests for url: https://serpapi.com/search.json?engine=google_news&q=%E8%8B%8F%E8%B1%AA&api_key=58b64c1579e705e959c09826bc621bbf941345d4617bdae14a0734492c4aa435&gl=cn&hl=zh-CN
[2025-07-13 00:13:08] baidu_news | 苏豪 | 429 Client Error: Too Many Requests for url: https://serpapi.com/search.json?engine=baidu_news&q=%E8%8B%8F%E8%B1%AA&api_key=58b64c1579e705e959c09826bc621bbf941345d4617bdae14a0734492c4aa435&rtt=4&pn=0
[2025-07-13 00:13:20] bing_news | 苏豪 | 429 Client Error: Too Many Requests for url: https://serpapi.com/search.json?engine=bing_news&q=%E8%8B%8F%E8%B1%AA&api_key=58b64c1579e705e959c09826bc621bbf941345d4617bdae14a0734492c4aa435&mkt=zh-hk&qft=interval%3D%228%22
[2025-07-13 00:13:31] duckduckgo_news | 苏豪 | 429 Client Error: Too Many Requests for url: https://serpapi.com/search.json?engine=duckduckgo_news&q=%E8%8B%8F%E8%B1%AA&api_key=58b64c1579e705e959c09826bc621bbf941345d4617bdae14a0734492c4aa435&kl=cn-zh&df=w
[2025-07-13 00:13:40] google_news | 中江集团 | 429 Client Error: Too Many Requests for url: https://serpapi.com/search.json?engine=google_news&q=%E4%B8%AD%E6%B1%9F%E9%9B%86%E5%9B%A2&api_key=58b64c1579e705e959c09826bc621bbf941345d4617bdae14a0734492c4aa435&gl=cn&hl=zh-CN
[2025-07-13 00:13:53] baidu_news | 中江集团 | 429 Client Error: Too Many Requests for url: https://serpapi.com/search.json?engine=baidu_news&q=%E4%B8%AD%E6%B1%9F%E9%9B%86%E5%9B%A2&api_key=58b64c1579e705e959c09826bc621bbf941345d4617bdae14a0734492c4aa435&rtt=4&pn=0
[2025-07-13 00:14:02] bing_news | 中江集团 | 429 Client Error: Too Many Requests for url: https://serpapi.com/search.json?engine=bing_news&q=%E4%B8%AD%E6%B1%9F%E9%9B%86%E5%9B%A2&api_key=58b64c1579e705e959c09826bc621bbf941345d4617bdae14a0734492c4aa435&mkt=zh-hk&qft=interval%3D%228%22
[2025-07-13 00:14:11] duckduckgo_news | 中江集团 | 429 Client Error: Too Many Requests for url: https://serpapi.com/search.json?engine=duckduckgo_news&q=%E4%B8%AD%E6%B1%9F%E9%9B%86%E5%9B%A2&api_key=58b64c1579e705e959c09826bc621bbf941345d4617bdae14a0734492c4aa435&kl=cn-zh&df=w
[2025-07-13 00:14:24] google_news | 江苏农垦 | 429 Client Error: Too Many Requests for url: https://serpapi.com/search.json?engine=google_news&q=%E6%B1%9F%E8%8B%8F%E5%86%9C%E5%9E%A6&api_key=58b64c1579e705e959c09826bc621bbf941345d4617bdae14a0734492c4aa435&gl=cn&hl=zh-CN
[2025-07-13 00:14:32] baidu_news | 江苏农垦 | ('Connection aborted.', ConnectionResetError(10054, '远程主机强迫关闭了一个现有的连接。', None, 10054, None))
[2025-07-13 00:14:42] bing_news | 江苏农垦 | 429 Client Error: Too Many Requests for url: https://serpapi.com/search.json?engine=bing_news&q=%E6%B1%9F%E8%8B%8F%E5%86%9C%E5%9E%A6&api_key=58b64c1579e705e959c09826bc621bbf941345d4617bdae14a0734492c4aa435&mkt=zh-hk&qft=interval%3D%228%22
[2025-07-13 00:14:51] duckduckgo_news | 江苏农垦 | 429 Client Error: Too Many Requests for url: https://serpapi.com/search.json?engine=duckduckgo_news&q=%E6%B1%9F%E8%8B%8F%E5%86%9C%E5%9E%A6&api_key=58b64c1579e705e959c09826bc621bbf941345d4617bdae14a0734492c4aa435&kl=cn-zh&df=w
[2025-07-13 00:15:01] google_news | 徐矿集团 | 429 Client Error: Too Many Requests for url: https://serpapi.com/search.json?engine=google_news&q=%E5%BE%90%E7%9F%BF%E9%9B%86%E5%9B%A2&api_key=58b64c1579e705e959c09826bc621bbf941345d4617bdae14a0734492c4aa435&gl=cn&hl=zh-CN
[2025-07-13 00:15:12] baidu_news | 徐矿集团 | 429 Client Error: Too Many Requests for url: https://serpapi.com/search.json?engine=baidu_news&q=%E5%BE%90%E7%9F%BF%E9%9B%86%E5%9B%A2&api_key=58b64c1579e705e959c09826bc621bbf941345d4617bdae14a0734492c4aa435&rtt=4&pn=0
[2025-07-13 00:15:21] bing_news | 徐矿集团 | 429 Client Error: Too Many Requests for url: https://serpapi.com/search.json?engine=bing_news&q=%E5%BE%90%E7%9F%BF%E9%9B%86%E5%9B%A2&api_key=58b64c1579e705e959c09826bc621bbf941345d4617bdae14a0734492c4aa435&mkt=zh-hk&qft=interval%3D%228%22
[2025-07-13 00:15:31] duckduckgo_news | 徐矿集团 | 429 Client Error: Too Many Requests for url: https://serpapi.com/search.json?engine=duckduckgo_news&q=%E5%BE%90%E7%9F%BF%E9%9B%86%E5%9B%A2&api_key=58b64c1579e705e959c09826bc621bbf941345d4617bdae14a0734492c4aa435&kl=cn-zh&df=w
[2025-07-13 00:15:41] google_news | 江苏沿海集团 | 429 Client Error: Too Many Requests for url: https://serpapi.com/search.json?engine=google_news&q=%E6%B1%9F%E8%8B%8F%E6%B2%BF%E6%B5%B7%E9%9B%86%E5%9B%A2&api_key=58b64c1579e705e959c09826bc621bbf941345d4617bdae14a0734492c4aa435&gl=cn&hl=zh-CN
[2025-07-13 00:15:50] baidu_news | 江苏沿海集团 | 429 Client Error: Too Many Requests for url: https://serpapi.com/search.json?engine=baidu_news&q=%E6%B1%9F%E8%8B%8F%E6%B2%BF%E6%B5%B7%E9%9B%86%E5%9B%A2&api_key=58b64c1579e705e959c09826bc621bbf941345d4617bdae14a0734492c4aa435&rtt=4&pn=0
[2025-07-13 00:16:00] bing_news | 江苏沿海集团 | 429 Client Error: Too Many Requests for url: https://serpapi.com/search.json?engine=bing_news&q=%E6%B1%9F%E8%8B%8F%E6%B2%BF%E6%B5%B7%E9%9B%86%E5%9B%A2&api_key=58b64c1579e705e959c09826bc621bbf941345d4617bdae14a0734492c4aa435&mkt=zh-hk&qft=interval%3D%228%22
[2025-07-13 00:16:08] duckduckgo_news | 江苏沿海集团 | 429 Client Error: Too Many Requests for url: https://serpapi.com/search.json?engine=duckduckgo_news&q=%E6%B1%9F%E8%8B%8F%E6%B2%BF%E6%B5%B7%E9%9B%86%E5%9B%A2&api_key=58b64c1579e705e959c09826bc621bbf941345d4617bdae14a0734492c4aa435&kl=cn-zh&df=w
[2025-07-13 00:16:19] google_news | 江苏港口集团 | 429 Client Error: Too Many Requests for url: https://serpapi.com/search.json?engine=google_news&q=%E6%B1%9F%E8%8B%8F%E6%B8%AF%E5%8F%A3%E9%9B%86%E5%9B%A2&api_key=58b64c1579e705e959c09826bc621bbf941345d4617bdae14a0734492c4aa435&gl=cn&hl=zh-CN
[2025-07-13 00:16:30] baidu_news | 江苏港口集团 | 429 Client Error: Too Many Requests for url: https://serpapi.com/search.json?engine=baidu_news&q=%E6%B1%9F%E8%8B%8F%E6%B8%AF%E5%8F%A3%E9%9B%86%E5%9B%A2&api_key=58b64c1579e705e959c09826bc621bbf941345d4617bdae14a0734492c4aa435&rtt=4&pn=0
[2025-07-13 00:16:39] bing_news | 江苏港口集团 | 429 Client Error: Too Many Requests for url: https://serpapi.com/search.json?engine=bing_news&q=%E6%B1%9F%E8%8B%8F%E6%B8%AF%E5%8F%A3%E9%9B%86%E5%9B%A2&api_key=58b64c1579e705e959c09826bc621bbf941345d4617bdae14a0734492c4aa435&mkt=zh-hk&qft=interval%3D%228%22
[2025-07-13 00:16:54] duckduckgo_news | 江苏港口集团 | 429 Client Error: Too Many Requests for url: https://serpapi.com/search.json?engine=duckduckgo_news&q=%E6%B1%9F%E8%8B%8F%E6%B8%AF%E5%8F%A3%E9%9B%86%E5%9B%A2&api_key=58b64c1579e705e959c09826bc621bbf941345d4617bdae14a0734492c4aa435&kl=cn-zh&df=w
[2025-07-13 00:17:03] google_news | 江苏铁路集团 | 429 Client Error: Too Many Requests for url: https://serpapi.com/search.json?engine=google_news&q=%E6%B1%9F%E8%8B%8F%E9%93%81%E8%B7%AF%E9%9B%86%E5%9B%A2&api_key=58b64c1579e705e959c09826bc621bbf941345d4617bdae14a0734492c4aa435&gl=cn&hl=zh-CN
[2025-07-13 00:17:13] baidu_news | 江苏铁路集团 | 429 Client Error: Too Many Requests for url: https://serpapi.com/search.json?engine=baidu_news&q=%E6%B1%9F%E8%8B%8F%E9%93%81%E8%B7%AF%E9%9B%86%E5%9B%A2&api_key=58b64c1579e705e959c09826bc621bbf941345d4617bdae14a0734492c4aa435&rtt=4&pn=0
[2025-07-13 00:17:22] bing_news | 江苏铁路集团 | 429 Client Error: Too Many Requests for url: https://serpapi.com/search.json?engine=bing_news&q=%E6%B1%9F%E8%8B%8F%E9%93%81%E8%B7%AF%E9%9B%86%E5%9B%A2&api_key=58b64c1579e705e959c09826bc621bbf941345d4617bdae14a0734492c4aa435&mkt=zh-hk&qft=interval%3D%228%22
[2025-07-13 00:17:33] duckduckgo_news | 江苏铁路集团 | 429 Client Error: Too Many Requests for url: https://serpapi.com/search.json?engine=duckduckgo_news&q=%E6%B1%9F%E8%8B%8F%E9%93%81%E8%B7%AF%E9%9B%86%E5%9B%A2&api_key=58b64c1579e705e959c09826bc621bbf941345d4617bdae14a0734492c4aa435&kl=cn-zh&df=w
[2025-07-13 00:17:48] google_news | 江苏环保集团 | 429 Client Error: Too Many Requests for url: https://serpapi.com/search.json?engine=google_news&q=%E6%B1%9F%E8%8B%8F%E7%8E%AF%E4%BF%9D%E9%9B%86%E5%9B%A2&api_key=58b64c1579e705e959c09826bc621bbf941345d4617bdae14a0734492c4aa435&gl=cn&hl=zh-CN
[2025-07-13 00:17:57] baidu_news | 江苏环保集团 | 429 Client Error: Too Many Requests for url: https://serpapi.com/search.json?engine=baidu_news&q=%E6%B1%9F%E8%8B%8F%E7%8E%AF%E4%BF%9D%E9%9B%86%E5%9B%A2&api_key=58b64c1579e705e959c09826bc621bbf941345d4617bdae14a0734492c4aa435&rtt=4&pn=0
[2025-07-13 00:18:08] bing_news | 江苏环保集团 | 429 Client Error: Too Many Requests for url: https://serpapi.com/search.json?engine=bing_news&q=%E6%B1%9F%E8%8B%8F%E7%8E%AF%E4%BF%9D%E9%9B%86%E5%9B%A2&api_key=58b64c1579e705e959c09826bc621bbf941345d4617bdae14a0734492c4aa435&mkt=zh-hk&qft=interval%3D%228%22
[2025-07-13 00:18:18] duckduckgo_news | 江苏环保集团 | 429 Client Error: Too Many Requests for url: https://serpapi.com/search.json?engine=duckduckgo_news&q=%E6%B1%9F%E8%8B%8F%E7%8E%AF%E4%BF%9D%E9%9B%86%E5%9B%A2&api_key=58b64c1579e705e959c09826bc621bbf941345d4617bdae14a0734492c4aa435&kl=cn-zh&df=w
[2025-07-13 00:18:27] google_news | 江苏盐业集团 | 429 Client Error: Too Many Requests for url: https://serpapi.com/search.json?engine=google_news&q=%E6%B1%9F%E8%8B%8F%E7%9B%90%E4%B8%9A%E9%9B%86%E5%9B%A2&api_key=58b64c1579e705e959c09826bc621bbf941345d4617bdae14a0734492c4aa435&gl=cn&hl=zh-CN
[2025-07-13 00:18:39] baidu_news | 江苏盐业集团 | 429 Client Error: Too Many Requests for url: https://serpapi.com/search.json?engine=baidu_news&q=%E6%B1%9F%E8%8B%8F%E7%9B%90%E4%B8%9A%E9%9B%86%E5%9B%A2&api_key=58b64c1579e705e959c09826bc621bbf941345d4617bdae14a0734492c4aa435&rtt=4&pn=0
[2025-07-13 00:18:48] bing_news | 江苏盐业集团 | 429 Client Error: Too Many Requests for url: https://serpapi.com/search.json?engine=bing_news&q=%E6%B1%9F%E8%8B%8F%E7%9B%90%E4%B8%9A%E9%9B%86%E5%9B%A2&api_key=58b64c1579e705e959c09826bc621bbf941345d4617bdae14a0734492c4aa435&mkt=zh-hk&qft=interval%3D%228%22
[2025-07-13 00:18:59] duckduckgo_news | 江苏盐业集团 | 429 Client Error: Too Many Requests for url: https://serpapi.com/search.json?engine=duckduckgo_news&q=%E6%B1%9F%E8%8B%8F%E7%9B%90%E4%B8%9A%E9%9B%86%E5%9B%A2&api_key=58b64c1579e705e959c09826bc621bbf941345d4617bdae14a0734492c4aa435&kl=cn-zh&df=w
[2025-07-13 00:19:09] google_news | 江苏粮食集团 | 429 Client Error: Too Many Requests for url: https://serpapi.com/search.json?engine=google_news&q=%E6%B1%9F%E8%8B%8F%E7%B2%AE%E9%A3%9F%E9%9B%86%E5%9B%A2&api_key=58b64c1579e705e959c09826bc621bbf941345d4617bdae14a0734492c4aa435&gl=cn&hl=zh-CN
[2025-07-13 00:19:19] baidu_news | 江苏粮食集团 | 429 Client Error: Too Many Requests for url: https://serpapi.com/search.json?engine=baidu_news&q=%E6%B1%9F%E8%8B%8F%E7%B2%AE%E9%A3%9F%E9%9B%86%E5%9B%A2&api_key=58b64c1579e705e959c09826bc621bbf941345d4617bdae14a0734492c4aa435&rtt=4&pn=0
[2025-07-13 00:19:27] bing_news | 江苏粮食集团 | 429 Client Error: Too Many Requests for url: https://serpapi.com/search.json?engine=bing_news&q=%E6%B1%9F%E8%8B%8F%E7%B2%AE%E9%A3%9F%E9%9B%86%E5%9B%A2&api_key=58b64c1579e705e959c09826bc621bbf941345d4617bdae14a0734492c4aa435&mkt=zh-hk&qft=interval%3D%228%22
[2025-07-13 00:19:39] duckduckgo_news | 江苏粮食集团 | 429 Client Error: Too Many Requests for url: https://serpapi.com/search.json?engine=duckduckgo_news&q=%E6%B1%9F%E8%8B%8F%E7%B2%AE%E9%A3%9F%E9%9B%86%E5%9B%A2&api_key=58b64c1579e705e959c09826bc621bbf941345d4617bdae14a0734492c4aa435&kl=cn-zh&df=w
[2025-07-13 00:19:48] google_news | 江苏省高投 | 429 Client Error: Too Many Requests for url: https://serpapi.com/search.json?engine=google_news&q=%E6%B1%9F%E8%8B%8F%E7%9C%81%E9%AB%98%E6%8A%95&api_key=58b64c1579e705e959c09826bc621bbf941345d4617bdae14a0734492c4aa435&gl=cn&hl=zh-CN
[2025-07-13 00:19:57] baidu_news | 江苏省高投 | 429 Client Error: Too Many Requests for url: https://serpapi.com/search.json?engine=baidu_news&q=%E6%B1%9F%E8%8B%8F%E7%9C%81%E9%AB%98%E6%8A%95&api_key=58b64c1579e705e959c09826bc621bbf941345d4617bdae14a0734492c4aa435&rtt=4&pn=0
[2025-07-13 00:20:06] bing_news | 江苏省高投 | 429 Client Error: Too Many Requests for url: https://serpapi.com/search.json?engine=bing_news&q=%E6%B1%9F%E8%8B%8F%E7%9C%81%E9%AB%98%E6%8A%95&api_key=58b64c1579e705e959c09826bc621bbf941345d4617bdae14a0734492c4aa435&mkt=zh-hk&qft=interval%3D%228%22
[2025-07-13 00:20:15] duckduckgo_news | 江苏省高投 | 429 Client Error: Too Many Requests for url: https://serpapi.com/search.json?engine=duckduckgo_news&q=%E6%B1%9F%E8%8B%8F%E7%9C%81%E9%AB%98%E6%8A%95&api_key=58b64c1579e705e959c09826bc621bbf941345d4617bdae14a0734492c4aa435&kl=cn-zh&df=w
[2025-07-13 00:20:25] google_news | 金陵饭店 | 429 Client Error: Too Many Requests for url: https://serpapi.com/search.json?engine=google_news&q=%E9%87%91%E9%99%B5%E9%A5%AD%E5%BA%97&api_key=58b64c1579e705e959c09826bc621bbf941345d4617bdae14a0734492c4aa435&gl=cn&hl=zh-CN
[2025-07-13 00:20:37] baidu_news | 金陵饭店 | 429 Client Error: Too Many Requests for url: https://serpapi.com/search.json?engine=baidu_news&q=%E9%87%91%E9%99%B5%E9%A5%AD%E5%BA%97&api_key=58b64c1579e705e959c09826bc621bbf941345d4617bdae14a0734492c4aa435&rtt=4&pn=0
[2025-07-13 00:20:46] bing_news | 金陵饭店 | 429 Client Error: Too Many Requests for url: https://serpapi.com/search.json?engine=bing_news&q=%E9%87%91%E9%99%B5%E9%A5%AD%E5%BA%97&api_key=58b64c1579e705e959c09826bc621bbf941345d4617bdae14a0734492c4aa435&mkt=zh-hk&qft=interval%3D%228%22
[2025-07-13 00:20:56] duckduckgo_news | 金陵饭店 | 429 Client Error: Too Many Requests for url: https://serpapi.com/search.json?engine=duckduckgo_news&q=%E9%87%91%E9%99%B5%E9%A5%AD%E5%BA%97&api_key=58b64c1579e705e959c09826bc621bbf941345d4617bdae14a0734492c4aa435&kl=cn-zh&df=w
[2025-07-13 00:21:06] google_news | 钟山宾馆 | 429 Client Error: Too Many Requests for url: https://serpapi.com/search.json?engine=google_news&q=%E9%92%9F%E5%B1%B1%E5%AE%BE%E9%A6%86&api_key=58b64c1579e705e959c09826bc621bbf941345d4617bdae14a0734492c4aa435&gl=cn&hl=zh-CN
[2025-07-13 00:21:28] baidu_news | 钟山宾馆 | 429 Client Error: Too Many Requests for url: https://serpapi.com/search.json?engine=baidu_news&q=%E9%92%9F%E5%B1%B1%E5%AE%BE%E9%A6%86&api_key=58b64c1579e705e959c09826bc621bbf941345d4617bdae14a0734492c4aa435&rtt=4&pn=0
[2025-07-13 00:21:38] bing_news | 钟山宾馆 | 429 Client Error: Too Many Requests for url: https://serpapi.com/search.json?engine=bing_news&q=%E9%92%9F%E5%B1%B1%E5%AE%BE%E9%A6%86&api_key=58b64c1579e705e959c09826bc621bbf941345d4617bdae14a0734492c4aa435&mkt=zh-hk&qft=interval%3D%228%22
[2025-07-13 00:21:48] duckduckgo_news | 钟山宾馆 | 429 Client Error: Too Many Requests for url: https://serpapi.com/search.json?engine=duckduckgo_news&q=%E9%92%9F%E5%B1%B1%E5%AE%BE%E9%A6%86&api_key=58b64c1579e705e959c09826bc621bbf941345d4617bdae14a0734492c4aa435&kl=cn-zh&df=w
[2025-07-13 00:21:58] google_news | 江苏水源 | 429 Client Error: Too Many Requests for url: https://serpapi.com/search.json?engine=google_news&q=%E6%B1%9F%E8%8B%8F%E6%B0%B4%E6%BA%90&api_key=58b64c1579e705e959c09826bc621bbf941345d4617bdae14a0734492c4aa435&gl=cn&hl=zh-CN
[2025-07-13 00:22:07] baidu_news | 江苏水源 | 429 Client Error: Too Many Requests for url: https://serpapi.com/search.json?engine=baidu_news&q=%E6%B1%9F%E8%8B%8F%E6%B0%B4%E6%BA%90&api_key=58b64c1579e705e959c09826bc621bbf941345d4617bdae14a0734492c4aa435&rtt=4&pn=0
[2025-07-13 00:22:16] bing_news | 江苏水源 | 429 Client Error: Too Many Requests for url: https://serpapi.com/search.json?engine=bing_news&q=%E6%B1%9F%E8%8B%8F%E6%B0%B4%E6%BA%90&api_key=58b64c1579e705e959c09826bc621bbf941345d4617bdae14a0734492c4aa435&mkt=zh-hk&qft=interval%3D%228%22
[2025-07-13 00:22:27] duckduckgo_news | 江苏水源 | 429 Client Error: Too Many Requests for url: https://serpapi.com/search.json?engine=duckduckgo_news&q=%E6%B1%9F%E8%8B%8F%E6%B0%B4%E6%BA%90&api_key=58b64c1579e705e959c09826bc621bbf941345d4617bdae14a0734492c4aa435&kl=cn-zh&df=w
[2025-07-13 00:22:39] google_news | 江苏体育集团 | 429 Client Error: Too Many Requests for url: https://serpapi.com/search.json?engine=google_news&q=%E6%B1%9F%E8%8B%8F%E4%BD%93%E8%82%B2%E9%9B%86%E5%9B%A2&api_key=58b64c1579e705e959c09826bc621bbf941345d4617bdae14a0734492c4aa435&gl=cn&hl=zh-CN
[2025-07-13 00:22:48] baidu_news | 江苏体育集团 | 429 Client Error: Too Many Requests for url: https://serpapi.com/search.json?engine=baidu_news&q=%E6%B1%9F%E8%8B%8F%E4%BD%93%E8%82%B2%E9%9B%86%E5%9B%A2&api_key=58b64c1579e705e959c09826bc621bbf941345d4617bdae14a0734492c4aa435&rtt=4&pn=0
[2025-07-13 00:22:58] bing_news | 江苏体育集团 | 429 Client Error: Too Many Requests for url: https://serpapi.com/search.json?engine=bing_news&q=%E6%B1%9F%E8%8B%8F%E4%BD%93%E8%82%B2%E9%9B%86%E5%9B%A2&api_key=58b64c1579e705e959c09826bc621bbf941345d4617bdae14a0734492c4aa435&mkt=zh-hk&qft=interval%3D%228%22
[2025-07-13 00:23:08] duckduckgo_news | 江苏体育集团 | 429 Client Error: Too Many Requests for url: https://serpapi.com/search.json?engine=duckduckgo_news&q=%E6%B1%9F%E8%8B%8F%E4%BD%93%E8%82%B2%E9%9B%86%E5%9B%A2&api_key=58b64c1579e705e959c09826bc621bbf941345d4617bdae14a0734492c4aa435&kl=cn-zh&df=w
[2025-07-13 00:23:21] google_news | 江苏国金集团 | 429 Client Error: Too Many Requests for url: https://serpapi.com/search.json?engine=google_news&q=%E6%B1%9F%E8%8B%8F%E5%9B%BD%E9%87%91%E9%9B%86%E5%9B%A2&api_key=58b64c1579e705e959c09826bc621bbf941345d4617bdae14a0734492c4aa435&gl=cn&hl=zh-CN
[2025-07-13 00:23:32] baidu_news | 江苏国金集团 | 429 Client Error: Too Many Requests for url: https://serpapi.com/search.json?engine=baidu_news&q=%E6%B1%9F%E8%8B%8F%E5%9B%BD%E9%87%91%E9%9B%86%E5%9B%A2&api_key=58b64c1579e705e959c09826bc621bbf941345d4617bdae14a0734492c4aa435&rtt=4&pn=0
[2025-07-13 00:23:42] bing_news | 江苏国金集团 | 429 Client Error: Too Many Requests for url: https://serpapi.com/search.json?engine=bing_news&q=%E6%B1%9F%E8%8B%8F%E5%9B%BD%E9%87%91%E9%9B%86%E5%9B%A2&api_key=58b64c1579e705e959c09826bc621bbf941345d4617bdae14a0734492c4aa435&mkt=zh-hk&qft=interval%3D%228%22
[2025-07-13 00:23:53] duckduckgo_news | 江苏国金集团 | 429 Client Error: Too Many Requests for url: https://serpapi.com/search.json?engine=duckduckgo_news&q=%E6%B1%9F%E8%8B%8F%E5%9B%BD%E9%87%91%E9%9B%86%E5%9B%A2&api_key=58b64c1579e705e959c09826bc621bbf941345d4617bdae14a0734492c4aa435&kl=cn-zh&df=w
[2025-07-13 00:24:03] google_news | 江苏规划设计集团 | 429 Client Error: Too Many Requests for url: https://serpapi.com/search.json?engine=google_news&q=%E6%B1%9F%E8%8B%8F%E8%A7%84%E5%88%92%E8%AE%BE%E8%AE%A1%E9%9B%86%E5%9B%A2&api_key=58b64c1579e705e959c09826bc621bbf941345d4617bdae14a0734492c4aa435&gl=cn&hl=zh-CN
[2025-07-13 00:24:11] baidu_news | 江苏规划设计集团 | 429 Client Error: Too Many Requests for url: https://serpapi.com/search.json?engine=baidu_news&q=%E6%B1%9F%E8%8B%8F%E8%A7%84%E5%88%92%E8%AE%BE%E8%AE%A1%E9%9B%86%E5%9B%A2&api_key=58b64c1579e705e959c09826bc621bbf941345d4617bdae14a0734492c4aa435&rtt=4&pn=0
[2025-07-13 00:24:22] bing_news | 江苏规划设计集团 | 429 Client Error: Too Many Requests for url: https://serpapi.com/search.json?engine=bing_news&q=%E6%B1%9F%E8%8B%8F%E8%A7%84%E5%88%92%E8%AE%BE%E8%AE%A1%E9%9B%86%E5%9B%A2&api_key=58b64c1579e705e959c09826bc621bbf941345d4617bdae14a0734492c4aa435&mkt=zh-hk&qft=interval%3D%228%22
[2025-07-13 00:24:30] duckduckgo_news | 江苏规划设计集团 | 429 Client Error: Too Many Requests for url: https://serpapi.com/search.json?engine=duckduckgo_news&q=%E6%B1%9F%E8%8B%8F%E8%A7%84%E5%88%92%E8%AE%BE%E8%AE%A1%E9%9B%86%E5%9B%A2&api_key=58b64c1579e705e959c09826bc621bbf941345d4617bdae14a0734492c4aa435&kl=cn-zh&df=w
[2025-07-13 00:24:39] google_news | 江苏省数据集团 | 429 Client Error: Too Many Requests for url: https://serpapi.com/search.json?engine=google_news&q=%E6%B1%9F%E8%8B%8F%E7%9C%81%E6%95%B0%E6%8D%AE%E9%9B%86%E5%9B%A2&api_key=58b64c1579e705e959c09826bc621bbf941345d4617bdae14a0734492c4aa435&gl=cn&hl=zh-CN
[2025-07-13 00:24:48] baidu_news | 江苏省数据集团 | 429 Client Error: Too Many Requests for url: https://serpapi.com/search.json?engine=baidu_news&q=%E6%B1%9F%E8%8B%8F%E7%9C%81%E6%95%B0%E6%8D%AE%E9%9B%86%E5%9B%A2&api_key=58b64c1579e705e959c09826bc621bbf941345d4617bdae14a0734492c4aa435&rtt=4&pn=0
[2025-07-13 00:24:57] bing_news | 江苏省数据集团 | 429 Client Error: Too Many Requests for url: https://serpapi.com/search.json?engine=bing_news&q=%E6%B1%9F%E8%8B%8F%E7%9C%81%E6%95%B0%E6%8D%AE%E9%9B%86%E5%9B%A2&api_key=58b64c1579e705e959c09826bc621bbf941345d4617bdae14a0734492c4aa435&mkt=zh-hk&qft=interval%3D%228%22
[2025-07-13 00:25:06] duckduckgo_news | 江苏省数据集团 | 429 Client Error: Too Many Requests for url: https://serpapi.com/search.json?engine=duckduckgo_news&q=%E6%B1%9F%E8%8B%8F%E7%9C%81%E6%95%B0%E6%8D%AE%E9%9B%86%E5%9B%A2&api_key=58b64c1579e705e959c09826bc621bbf941345d4617bdae14a0734492c4aa435&kl=cn-zh&df=w
[2025-07-13 00:47:10] ERROR
脚本: news_summarizer.py
关键词: unknown
错误类型: PROGRAM_CRASH
错误信息: 'gbk' codec can't encode character '\U0001f4f0' in position 983: illegal multibyte sequence
详细堆栈:
Traceback (most recent call last):
  File "C:\serp_news_mainkeyword\error_handler.py", line 119, in wrapper
    return func(*args, **kwargs)
           ^^^^^^^^^^^^^^^^^^^^^
  File "C:\serp_news_mainkeyword\news_summarizer.py", line 553, in main
    print(optimize_system_prompt.strip())
UnicodeEncodeError: 'gbk' codec can't encode character '\U0001f4f0' in position 983: illegal multibyte sequence

上下文信息: {
  "stage": "main"
}
==================================================

[2025-07-13 00:50:41] ERROR
脚本: news_summarizer.py
关键词: unknown
错误类型: PROGRAM_CRASH
错误信息: 'gbk' codec can't encode character '\U0001f4f0' in position 983: illegal multibyte sequence
详细堆栈:
Traceback (most recent call last):
  File "C:\serp_news_mainkeyword\error_handler.py", line 119, in wrapper
    return func(*args, **kwargs)
           ^^^^^^^^^^^^^^^^^^^^^
  File "C:\serp_news_mainkeyword\news_summarizer.py", line 553, in main
    print(optimize_system_prompt.strip())
UnicodeEncodeError: 'gbk' codec can't encode character '\U0001f4f0' in position 983: illegal multibyte sequence

上下文信息: {
  "stage": "main"
}
==================================================

[2025-07-13 00:50:44] ERROR
脚本: main.py
关键词: unknown
错误类型: SUBPROCESS_ERROR
错误信息: 命令执行失败，返回码: 1
错误输出: None of PyTorch, TensorFlow >= 2.0, or Flax have been found. Models won't be available and only tokenizers, configuration and file/data utilities can be used.

上下文信息: {
  "command": "python news_summarizer.py --date 2025-07-12",
  "step": "自动总结主关键词",
  "returncode": 1
}
==================================================

[2025-07-14 17:39:11] google_news | 养老 | HTTPSConnectionPool(host='serpapi.com', port=443): Max retries exceeded with url: /search.json?engine=google_news&q=%E5%85%BB%E8%80%81&api_key=58b64c1579e705e959c09826bc621bbf941345d4617bdae14a0734492c4aa435&gl=cn&hl=zh-CN&tbs=qdr%3Ad&num=100 (Caused by SSLError(SSLEOFError(8, 'EOF occurred in violation of protocol (_ssl.c:1129)')))
[2025-07-14 17:39:32] baidu_news | 养老 | HTTPSConnectionPool(host='serpapi.com', port=443): Max retries exceeded with url: /search.json?engine=baidu_news&q=%E5%85%BB%E8%80%81&api_key=58b64c1579e705e959c09826bc621bbf941345d4617bdae14a0734492c4aa435&rtt=2&rn=50&pn=0 (Caused by SSLError(SSLEOFError(8, 'EOF occurred in violation of protocol (_ssl.c:1129)')))
[2025-07-14 17:40:04] bing_news | 养老 | HTTPSConnectionPool(host='serpapi.com', port=443): Max retries exceeded with url: /search.json?engine=bing_news&q=%E5%85%BB%E8%80%81&api_key=58b64c1579e705e959c09826bc621bbf941345d4617bdae14a0734492c4aa435&mkt=zh-hk&qft=interval%3D%227%22&count=50 (Caused by SSLError(SSLEOFError(8, 'EOF occurred in violation of protocol (_ssl.c:1129)')))
[2025-07-14 17:40:25] duckduckgo_news | 养老 | HTTPSConnectionPool(host='serpapi.com', port=443): Max retries exceeded with url: /search.json?engine=duckduckgo_news&q=%E5%85%BB%E8%80%81&api_key=58b64c1579e705e959c09826bc621bbf941345d4617bdae14a0734492c4aa435&kl=cn-zh&df=d (Caused by SSLError(SSLEOFError(8, 'EOF occurred in violation of protocol (_ssl.c:1129)')))
[2025-07-14 17:41:19] baidu_news | 养老 | 400 Client Error: Bad Request for url: https://serpapi.com/search.json?engine=baidu_news&q=%E5%85%BB%E8%80%81&api_key=58b64c1579e705e959c09826bc621bbf941345d4617bdae14a0734492c4aa435&rtt=2&rn=50&pn=0
[2025-07-15 00:17:47] bing_news | 江苏农垦 | HTTPSConnectionPool(host='serpapi.com', port=443): Read timed out. (read timeout=15)
[2025-07-15 00:18:09] duckduckgo_news | 江苏农垦 | HTTPSConnectionPool(host='serpapi.com', port=443): Max retries exceeded with url: /search.json?engine=duckduckgo_news&q=%E6%B1%9F%E8%8B%8F%E5%86%9C%E5%9E%A6&api_key=58b64c1579e705e959c09826bc621bbf941345d4617bdae14a0734492c4aa435&kl=cn-zh&df=d (Caused by SSLError(SSLEOFError(8, 'EOF occurred in violation of protocol (_ssl.c:997)')))
[2025-07-15 00:18:41] google_news | 徐矿集团 | HTTPSConnectionPool(host='serpapi.com', port=443): Read timed out. (read timeout=15)
[2025-07-15 00:19:13] baidu_news | 徐矿集团 | HTTPSConnectionPool(host='serpapi.com', port=443): Max retries exceeded with url: /search.json?engine=baidu_news&q=%E5%BE%90%E7%9F%BF%E9%9B%86%E5%9B%A2&api_key=58b64c1579e705e959c09826bc621bbf941345d4617bdae14a0734492c4aa435&rtt=4&pn=0 (Caused by SSLError(SSLEOFError(8, 'EOF occurred in violation of protocol (_ssl.c:997)')))
[2025-07-15 00:19:34] bing_news | 徐矿集团 | HTTPSConnectionPool(host='serpapi.com', port=443): Max retries exceeded with url: /search.json?engine=bing_news&q=%E5%BE%90%E7%9F%BF%E9%9B%86%E5%9B%A2&api_key=58b64c1579e705e959c09826bc621bbf941345d4617bdae14a0734492c4aa435&mkt=zh-hk&qft=interval%3D%227%22&count=50 (Caused by SSLError(SSLEOFError(8, 'EOF occurred in violation of protocol (_ssl.c:997)')))
[2025-07-15 00:19:55] duckduckgo_news | 徐矿集团 | HTTPSConnectionPool(host='serpapi.com', port=443): Max retries exceeded with url: /search.json?engine=duckduckgo_news&q=%E5%BE%90%E7%9F%BF%E9%9B%86%E5%9B%A2&api_key=58b64c1579e705e959c09826bc621bbf941345d4617bdae14a0734492c4aa435&kl=cn-zh&df=d (Caused by SSLError(SSLEOFError(8, 'EOF occurred in violation of protocol (_ssl.c:997)')))
[2025-07-15 00:20:17] google_news | 江苏沿海集团 | HTTPSConnectionPool(host='serpapi.com', port=443): Max retries exceeded with url: /search.json?engine=google_news&q=%E6%B1%9F%E8%8B%8F%E6%B2%BF%E6%B5%B7%E9%9B%86%E5%9B%A2&api_key=58b64c1579e705e959c09826bc621bbf941345d4617bdae14a0734492c4aa435&gl=cn&hl=zh-CN&tbs=qdr%3Ad&num=100 (Caused by SSLError(SSLEOFError(8, 'EOF occurred in violation of protocol (_ssl.c:997)')))
[2025-07-15 00:20:38] baidu_news | 江苏沿海集团 | HTTPSConnectionPool(host='serpapi.com', port=443): Max retries exceeded with url: /search.json?engine=baidu_news&q=%E6%B1%9F%E8%8B%8F%E6%B2%BF%E6%B5%B7%E9%9B%86%E5%9B%A2&api_key=58b64c1579e705e959c09826bc621bbf941345d4617bdae14a0734492c4aa435&rtt=4&pn=0 (Caused by SSLError(SSLEOFError(8, 'EOF occurred in violation of protocol (_ssl.c:997)')))
[2025-07-15 00:20:59] bing_news | 江苏沿海集团 | HTTPSConnectionPool(host='serpapi.com', port=443): Max retries exceeded with url: /search.json?engine=bing_news&q=%E6%B1%9F%E8%8B%8F%E6%B2%BF%E6%B5%B7%E9%9B%86%E5%9B%A2&api_key=58b64c1579e705e959c09826bc621bbf941345d4617bdae14a0734492c4aa435&mkt=zh-hk&qft=interval%3D%227%22&count=50 (Caused by SSLError(SSLEOFError(8, 'EOF occurred in violation of protocol (_ssl.c:997)')))
[2025-07-15 00:21:20] duckduckgo_news | 江苏沿海集团 | HTTPSConnectionPool(host='serpapi.com', port=443): Max retries exceeded with url: /search.json?engine=duckduckgo_news&q=%E6%B1%9F%E8%8B%8F%E6%B2%BF%E6%B5%B7%E9%9B%86%E5%9B%A2&api_key=58b64c1579e705e959c09826bc621bbf941345d4617bdae14a0734492c4aa435&kl=cn-zh&df=d (Caused by SSLError(SSLEOFError(8, 'EOF occurred in violation of protocol (_ssl.c:997)')))
[2025-07-15 00:21:41] google_news | 江苏港口集团 | HTTPSConnectionPool(host='serpapi.com', port=443): Max retries exceeded with url: /search.json?engine=google_news&q=%E6%B1%9F%E8%8B%8F%E6%B8%AF%E5%8F%A3%E9%9B%86%E5%9B%A2&api_key=58b64c1579e705e959c09826bc621bbf941345d4617bdae14a0734492c4aa435&gl=cn&hl=zh-CN&tbs=qdr%3Ad&num=100 (Caused by SSLError(SSLEOFError(8, 'EOF occurred in violation of protocol (_ssl.c:997)')))
[2025-07-15 00:22:02] baidu_news | 江苏港口集团 | HTTPSConnectionPool(host='serpapi.com', port=443): Max retries exceeded with url: /search.json?engine=baidu_news&q=%E6%B1%9F%E8%8B%8F%E6%B8%AF%E5%8F%A3%E9%9B%86%E5%9B%A2&api_key=58b64c1579e705e959c09826bc621bbf941345d4617bdae14a0734492c4aa435&rtt=4&pn=0 (Caused by SSLError(SSLEOFError(8, 'EOF occurred in violation of protocol (_ssl.c:997)')))
[2025-07-15 00:22:23] bing_news | 江苏港口集团 | HTTPSConnectionPool(host='serpapi.com', port=443): Max retries exceeded with url: /search.json?engine=bing_news&q=%E6%B1%9F%E8%8B%8F%E6%B8%AF%E5%8F%A3%E9%9B%86%E5%9B%A2&api_key=58b64c1579e705e959c09826bc621bbf941345d4617bdae14a0734492c4aa435&mkt=zh-hk&qft=interval%3D%227%22&count=50 (Caused by SSLError(SSLEOFError(8, 'EOF occurred in violation of protocol (_ssl.c:997)')))
[2025-07-15 00:22:44] duckduckgo_news | 江苏港口集团 | HTTPSConnectionPool(host='serpapi.com', port=443): Max retries exceeded with url: /search.json?engine=duckduckgo_news&q=%E6%B1%9F%E8%8B%8F%E6%B8%AF%E5%8F%A3%E9%9B%86%E5%9B%A2&api_key=58b64c1579e705e959c09826bc621bbf941345d4617bdae14a0734492c4aa435&kl=cn-zh&df=d (Caused by SSLError(SSLEOFError(8, 'EOF occurred in violation of protocol (_ssl.c:997)')))
[2025-07-15 00:23:06] google_news | 江苏铁路集团 | HTTPSConnectionPool(host='serpapi.com', port=443): Max retries exceeded with url: /search.json?engine=google_news&q=%E6%B1%9F%E8%8B%8F%E9%93%81%E8%B7%AF%E9%9B%86%E5%9B%A2&api_key=58b64c1579e705e959c09826bc621bbf941345d4617bdae14a0734492c4aa435&gl=cn&hl=zh-CN&tbs=qdr%3Ad&num=100 (Caused by SSLError(SSLEOFError(8, 'EOF occurred in violation of protocol (_ssl.c:997)')))
[2025-07-15 00:23:27] baidu_news | 江苏铁路集团 | HTTPSConnectionPool(host='serpapi.com', port=443): Max retries exceeded with url: /search.json?engine=baidu_news&q=%E6%B1%9F%E8%8B%8F%E9%93%81%E8%B7%AF%E9%9B%86%E5%9B%A2&api_key=58b64c1579e705e959c09826bc621bbf941345d4617bdae14a0734492c4aa435&rtt=4&pn=0 (Caused by SSLError(SSLEOFError(8, 'EOF occurred in violation of protocol (_ssl.c:997)')))
[2025-07-15 00:23:48] bing_news | 江苏铁路集团 | HTTPSConnectionPool(host='serpapi.com', port=443): Max retries exceeded with url: /search.json?engine=bing_news&q=%E6%B1%9F%E8%8B%8F%E9%93%81%E8%B7%AF%E9%9B%86%E5%9B%A2&api_key=58b64c1579e705e959c09826bc621bbf941345d4617bdae14a0734492c4aa435&mkt=zh-hk&qft=interval%3D%227%22&count=50 (Caused by SSLError(SSLEOFError(8, 'EOF occurred in violation of protocol (_ssl.c:997)')))
[2025-07-15 00:24:09] duckduckgo_news | 江苏铁路集团 | HTTPSConnectionPool(host='serpapi.com', port=443): Max retries exceeded with url: /search.json?engine=duckduckgo_news&q=%E6%B1%9F%E8%8B%8F%E9%93%81%E8%B7%AF%E9%9B%86%E5%9B%A2&api_key=58b64c1579e705e959c09826bc621bbf941345d4617bdae14a0734492c4aa435&kl=cn-zh&df=d (Caused by SSLError(SSLEOFError(8, 'EOF occurred in violation of protocol (_ssl.c:997)')))
[2025-07-15 00:24:42] google_news | 江苏环保集团 | HTTPSConnectionPool(host='serpapi.com', port=443): Max retries exceeded with url: /search.json?engine=google_news&q=%E6%B1%9F%E8%8B%8F%E7%8E%AF%E4%BF%9D%E9%9B%86%E5%9B%A2&api_key=58b64c1579e705e959c09826bc621bbf941345d4617bdae14a0734492c4aa435&gl=cn&hl=zh-CN&tbs=qdr%3Ad&num=100 (Caused by SSLError(SSLEOFError(8, 'EOF occurred in violation of protocol (_ssl.c:997)')))
[2025-07-15 00:25:13] baidu_news | 江苏环保集团 | HTTPSConnectionPool(host='serpapi.com', port=443): Max retries exceeded with url: /search.json?engine=baidu_news&q=%E6%B1%9F%E8%8B%8F%E7%8E%AF%E4%BF%9D%E9%9B%86%E5%9B%A2&api_key=58b64c1579e705e959c09826bc621bbf941345d4617bdae14a0734492c4aa435&rtt=4&pn=0 (Caused by SSLError(SSLEOFError(8, 'EOF occurred in violation of protocol (_ssl.c:997)')))
[2025-07-15 00:25:35] bing_news | 江苏环保集团 | HTTPSConnectionPool(host='serpapi.com', port=443): Max retries exceeded with url: /search.json?engine=bing_news&q=%E6%B1%9F%E8%8B%8F%E7%8E%AF%E4%BF%9D%E9%9B%86%E5%9B%A2&api_key=58b64c1579e705e959c09826bc621bbf941345d4617bdae14a0734492c4aa435&mkt=zh-hk&qft=interval%3D%227%22&count=50 (Caused by SSLError(SSLEOFError(8, 'EOF occurred in violation of protocol (_ssl.c:997)')))
[2025-07-15 00:25:56] duckduckgo_news | 江苏环保集团 | HTTPSConnectionPool(host='serpapi.com', port=443): Max retries exceeded with url: /search.json?engine=duckduckgo_news&q=%E6%B1%9F%E8%8B%8F%E7%8E%AF%E4%BF%9D%E9%9B%86%E5%9B%A2&api_key=58b64c1579e705e959c09826bc621bbf941345d4617bdae14a0734492c4aa435&kl=cn-zh&df=d (Caused by SSLError(SSLEOFError(8, 'EOF occurred in violation of protocol (_ssl.c:997)')))
[2025-07-15 00:26:17] google_news | 江苏盐业集团 | HTTPSConnectionPool(host='serpapi.com', port=443): Max retries exceeded with url: /search.json?engine=google_news&q=%E6%B1%9F%E8%8B%8F%E7%9B%90%E4%B8%9A%E9%9B%86%E5%9B%A2&api_key=58b64c1579e705e959c09826bc621bbf941345d4617bdae14a0734492c4aa435&gl=cn&hl=zh-CN&tbs=qdr%3Ad&num=100 (Caused by SSLError(SSLEOFError(8, 'EOF occurred in violation of protocol (_ssl.c:997)')))
[2025-07-15 00:26:38] baidu_news | 江苏盐业集团 | HTTPSConnectionPool(host='serpapi.com', port=443): Max retries exceeded with url: /search.json?engine=baidu_news&q=%E6%B1%9F%E8%8B%8F%E7%9B%90%E4%B8%9A%E9%9B%86%E5%9B%A2&api_key=58b64c1579e705e959c09826bc621bbf941345d4617bdae14a0734492c4aa435&rtt=4&pn=0 (Caused by SSLError(SSLEOFError(8, 'EOF occurred in violation of protocol (_ssl.c:997)')))
[2025-07-15 00:26:59] bing_news | 江苏盐业集团 | HTTPSConnectionPool(host='serpapi.com', port=443): Max retries exceeded with url: /search.json?engine=bing_news&q=%E6%B1%9F%E8%8B%8F%E7%9B%90%E4%B8%9A%E9%9B%86%E5%9B%A2&api_key=58b64c1579e705e959c09826bc621bbf941345d4617bdae14a0734492c4aa435&mkt=zh-hk&qft=interval%3D%227%22&count=50 (Caused by SSLError(SSLEOFError(8, 'EOF occurred in violation of protocol (_ssl.c:997)')))
[2025-07-15 00:27:20] duckduckgo_news | 江苏盐业集团 | HTTPSConnectionPool(host='serpapi.com', port=443): Max retries exceeded with url: /search.json?engine=duckduckgo_news&q=%E6%B1%9F%E8%8B%8F%E7%9B%90%E4%B8%9A%E9%9B%86%E5%9B%A2&api_key=58b64c1579e705e959c09826bc621bbf941345d4617bdae14a0734492c4aa435&kl=cn-zh&df=d (Caused by SSLError(SSLEOFError(8, 'EOF occurred in violation of protocol (_ssl.c:997)')))
[2025-07-15 00:27:53] google_news | 江苏粮食集团 | HTTPSConnectionPool(host='serpapi.com', port=443): Max retries exceeded with url: /search.json?engine=google_news&q=%E6%B1%9F%E8%8B%8F%E7%B2%AE%E9%A3%9F%E9%9B%86%E5%9B%A2&api_key=58b64c1579e705e959c09826bc621bbf941345d4617bdae14a0734492c4aa435&gl=cn&hl=zh-CN&tbs=qdr%3Ad&num=100 (Caused by SSLError(SSLEOFError(8, 'EOF occurred in violation of protocol (_ssl.c:997)')))
[2025-07-15 00:43:37] baidu_news | 江苏粮食集团 | HTTPSConnectionPool(host='serpapi.com', port=443): Read timed out. (read timeout=15)
[2025-07-15 00:44:04] bing_news | 江苏粮食集团 | HTTPSConnectionPool(host='serpapi.com', port=443): Max retries exceeded with url: /search.json?engine=bing_news&q=%E6%B1%9F%E8%8B%8F%E7%B2%AE%E9%A3%9F%E9%9B%86%E5%9B%A2&api_key=58b64c1579e705e959c09826bc621bbf941345d4617bdae14a0734492c4aa435&mkt=zh-hk&qft=interval%3D%227%22&count=50 (Caused by SSLError(SSLEOFError(8, 'EOF occurred in violation of protocol (_ssl.c:997)')))
[2025-07-15 00:46:08] duckduckgo_news | 江苏粮食集团 | HTTPSConnectionPool(host='serpapi.com', port=443): Max retries exceeded with url: /search.json?engine=duckduckgo_news&q=%E6%B1%9F%E8%8B%8F%E7%B2%AE%E9%A3%9F%E9%9B%86%E5%9B%A2&api_key=58b64c1579e705e959c09826bc621bbf941345d4617bdae14a0734492c4aa435&kl=cn-zh&df=d (Caused by SSLError(SSLEOFError(8, 'EOF occurred in violation of protocol (_ssl.c:997)')))
[2025-07-15 00:46:30] google_news | 江苏省高投 | HTTPSConnectionPool(host='serpapi.com', port=443): Max retries exceeded with url: /search.json?engine=google_news&q=%E6%B1%9F%E8%8B%8F%E7%9C%81%E9%AB%98%E6%8A%95&api_key=58b64c1579e705e959c09826bc621bbf941345d4617bdae14a0734492c4aa435&gl=cn&hl=zh-CN&tbs=qdr%3Ad&num=100 (Caused by SSLError(SSLEOFError(8, 'EOF occurred in violation of protocol (_ssl.c:997)')))
[2025-07-15 00:46:51] baidu_news | 江苏省高投 | HTTPSConnectionPool(host='serpapi.com', port=443): Max retries exceeded with url: /search.json?engine=baidu_news&q=%E6%B1%9F%E8%8B%8F%E7%9C%81%E9%AB%98%E6%8A%95&api_key=58b64c1579e705e959c09826bc621bbf941345d4617bdae14a0734492c4aa435&rtt=4&pn=0 (Caused by SSLError(SSLEOFError(8, 'EOF occurred in violation of protocol (_ssl.c:997)')))
[2025-07-15 00:47:33] bing_news | 江苏省高投 | HTTPSConnectionPool(host='serpapi.com', port=443): Max retries exceeded with url: /search.json?engine=bing_news&q=%E6%B1%9F%E8%8B%8F%E7%9C%81%E9%AB%98%E6%8A%95&api_key=58b64c1579e705e959c09826bc621bbf941345d4617bdae14a0734492c4aa435&mkt=zh-hk&qft=interval%3D%227%22&count=50 (Caused by SSLError(SSLEOFError(8, 'EOF occurred in violation of protocol (_ssl.c:997)')))
[2025-07-15 00:49:10] duckduckgo_news | 江苏省高投 | HTTPSConnectionPool(host='serpapi.com', port=443): Max retries exceeded with url: /search.json?engine=duckduckgo_news&q=%E6%B1%9F%E8%8B%8F%E7%9C%81%E9%AB%98%E6%8A%95&api_key=58b64c1579e705e959c09826bc621bbf941345d4617bdae14a0734492c4aa435&kl=cn-zh&df=d (Caused by SSLError(SSLEOFError(8, 'EOF occurred in violation of protocol (_ssl.c:997)')))
[2025-07-15 00:49:31] google_news | 金陵饭店 | HTTPSConnectionPool(host='serpapi.com', port=443): Max retries exceeded with url: /search.json?engine=google_news&q=%E9%87%91%E9%99%B5%E9%A5%AD%E5%BA%97&api_key=58b64c1579e705e959c09826bc621bbf941345d4617bdae14a0734492c4aa435&gl=cn&hl=zh-CN&tbs=qdr%3Ad&num=100 (Caused by SSLError(SSLEOFError(8, 'EOF occurred in violation of protocol (_ssl.c:997)')))
[2025-07-15 01:00:06] baidu_news | 金陵饭店 | HTTPSConnectionPool(host='serpapi.com', port=443): Read timed out. (read timeout=15)
[2025-07-15 01:00:38] bing_news | 金陵饭店 | HTTPSConnectionPool(host='serpapi.com', port=443): Max retries exceeded with url: /search.json?engine=bing_news&q=%E9%87%91%E9%99%B5%E9%A5%AD%E5%BA%97&api_key=58b64c1579e705e959c09826bc621bbf941345d4617bdae14a0734492c4aa435&mkt=zh-hk&qft=interval%3D%227%22&count=50 (Caused by SSLError(SSLEOFError(8, 'EOF occurred in violation of protocol (_ssl.c:997)')))
[2025-07-15 01:00:59] duckduckgo_news | 金陵饭店 | HTTPSConnectionPool(host='serpapi.com', port=443): Max retries exceeded with url: /search.json?engine=duckduckgo_news&q=%E9%87%91%E9%99%B5%E9%A5%AD%E5%BA%97&api_key=58b64c1579e705e959c09826bc621bbf941345d4617bdae14a0734492c4aa435&kl=cn-zh&df=d (Caused by SSLError(SSLEOFError(8, 'EOF occurred in violation of protocol (_ssl.c:997)')))
[2025-07-15 01:01:20] google_news | 钟山宾馆 | HTTPSConnectionPool(host='serpapi.com', port=443): Max retries exceeded with url: /search.json?engine=google_news&q=%E9%92%9F%E5%B1%B1%E5%AE%BE%E9%A6%86&api_key=58b64c1579e705e959c09826bc621bbf941345d4617bdae14a0734492c4aa435&gl=cn&hl=zh-CN&tbs=qdr%3Ad&num=100 (Caused by SSLError(SSLEOFError(8, 'EOF occurred in violation of protocol (_ssl.c:997)')))
[2025-07-15 01:01:41] baidu_news | 钟山宾馆 | HTTPSConnectionPool(host='serpapi.com', port=443): Max retries exceeded with url: /search.json?engine=baidu_news&q=%E9%92%9F%E5%B1%B1%E5%AE%BE%E9%A6%86&api_key=58b64c1579e705e959c09826bc621bbf941345d4617bdae14a0734492c4aa435&rtt=4&pn=0 (Caused by SSLError(SSLEOFError(8, 'EOF occurred in violation of protocol (_ssl.c:997)')))
[2025-07-15 01:02:02] bing_news | 钟山宾馆 | HTTPSConnectionPool(host='serpapi.com', port=443): Max retries exceeded with url: /search.json?engine=bing_news&q=%E9%92%9F%E5%B1%B1%E5%AE%BE%E9%A6%86&api_key=58b64c1579e705e959c09826bc621bbf941345d4617bdae14a0734492c4aa435&mkt=zh-hk&qft=interval%3D%227%22&count=50 (Caused by SSLError(SSLEOFError(8, 'EOF occurred in violation of protocol (_ssl.c:997)')))
[2025-07-15 01:02:23] duckduckgo_news | 钟山宾馆 | HTTPSConnectionPool(host='serpapi.com', port=443): Max retries exceeded with url: /search.json?engine=duckduckgo_news&q=%E9%92%9F%E5%B1%B1%E5%AE%BE%E9%A6%86&api_key=58b64c1579e705e959c09826bc621bbf941345d4617bdae14a0734492c4aa435&kl=cn-zh&df=d (Caused by SSLError(SSLEOFError(8, 'EOF occurred in violation of protocol (_ssl.c:997)')))
[2025-07-15 01:02:45] google_news | 江苏水源 | HTTPSConnectionPool(host='serpapi.com', port=443): Max retries exceeded with url: /search.json?engine=google_news&q=%E6%B1%9F%E8%8B%8F%E6%B0%B4%E6%BA%90&api_key=58b64c1579e705e959c09826bc621bbf941345d4617bdae14a0734492c4aa435&gl=cn&hl=zh-CN&tbs=qdr%3Ad&num=100 (Caused by SSLError(SSLEOFError(8, 'EOF occurred in violation of protocol (_ssl.c:997)')))
[2025-07-15 01:03:06] baidu_news | 江苏水源 | HTTPSConnectionPool(host='serpapi.com', port=443): Max retries exceeded with url: /search.json?engine=baidu_news&q=%E6%B1%9F%E8%8B%8F%E6%B0%B4%E6%BA%90&api_key=58b64c1579e705e959c09826bc621bbf941345d4617bdae14a0734492c4aa435&rtt=4&pn=0 (Caused by SSLError(SSLEOFError(8, 'EOF occurred in violation of protocol (_ssl.c:997)')))
[2025-07-15 01:03:27] bing_news | 江苏水源 | HTTPSConnectionPool(host='serpapi.com', port=443): Max retries exceeded with url: /search.json?engine=bing_news&q=%E6%B1%9F%E8%8B%8F%E6%B0%B4%E6%BA%90&api_key=58b64c1579e705e959c09826bc621bbf941345d4617bdae14a0734492c4aa435&mkt=zh-hk&qft=interval%3D%227%22&count=50 (Caused by SSLError(SSLEOFError(8, 'EOF occurred in violation of protocol (_ssl.c:997)')))
[2025-07-15 01:03:48] duckduckgo_news | 江苏水源 | HTTPSConnectionPool(host='serpapi.com', port=443): Max retries exceeded with url: /search.json?engine=duckduckgo_news&q=%E6%B1%9F%E8%8B%8F%E6%B0%B4%E6%BA%90&api_key=58b64c1579e705e959c09826bc621bbf941345d4617bdae14a0734492c4aa435&kl=cn-zh&df=d (Caused by SSLError(SSLEOFError(8, 'EOF occurred in violation of protocol (_ssl.c:997)')))
[2025-07-15 01:04:09] google_news | 江苏体育集团 | HTTPSConnectionPool(host='serpapi.com', port=443): Max retries exceeded with url: /search.json?engine=google_news&q=%E6%B1%9F%E8%8B%8F%E4%BD%93%E8%82%B2%E9%9B%86%E5%9B%A2&api_key=58b64c1579e705e959c09826bc621bbf941345d4617bdae14a0734492c4aa435&gl=cn&hl=zh-CN&tbs=qdr%3Ad&num=100 (Caused by SSLError(SSLEOFError(8, 'EOF occurred in violation of protocol (_ssl.c:997)')))
[2025-07-15 01:04:30] baidu_news | 江苏体育集团 | HTTPSConnectionPool(host='serpapi.com', port=443): Max retries exceeded with url: /search.json?engine=baidu_news&q=%E6%B1%9F%E8%8B%8F%E4%BD%93%E8%82%B2%E9%9B%86%E5%9B%A2&api_key=58b64c1579e705e959c09826bc621bbf941345d4617bdae14a0734492c4aa435&rtt=4&pn=0 (Caused by SSLError(SSLEOFError(8, 'EOF occurred in violation of protocol (_ssl.c:997)')))
[2025-07-15 01:04:51] bing_news | 江苏体育集团 | HTTPSConnectionPool(host='serpapi.com', port=443): Max retries exceeded with url: /search.json?engine=bing_news&q=%E6%B1%9F%E8%8B%8F%E4%BD%93%E8%82%B2%E9%9B%86%E5%9B%A2&api_key=58b64c1579e705e959c09826bc621bbf941345d4617bdae14a0734492c4aa435&mkt=zh-hk&qft=interval%3D%227%22&count=50 (Caused by SSLError(SSLEOFError(8, 'EOF occurred in violation of protocol (_ssl.c:997)')))
[2025-07-15 01:05:24] duckduckgo_news | 江苏体育集团 | HTTPSConnectionPool(host='serpapi.com', port=443): Max retries exceeded with url: /search.json?engine=duckduckgo_news&q=%E6%B1%9F%E8%8B%8F%E4%BD%93%E8%82%B2%E9%9B%86%E5%9B%A2&api_key=58b64c1579e705e959c09826bc621bbf941345d4617bdae14a0734492c4aa435&kl=cn-zh&df=d (Caused by SSLError(SSLEOFError(8, 'EOF occurred in violation of protocol (_ssl.c:997)')))
[2025-07-15 01:05:45] google_news | 江苏国金集团 | HTTPSConnectionPool(host='serpapi.com', port=443): Max retries exceeded with url: /search.json?engine=google_news&q=%E6%B1%9F%E8%8B%8F%E5%9B%BD%E9%87%91%E9%9B%86%E5%9B%A2&api_key=58b64c1579e705e959c09826bc621bbf941345d4617bdae14a0734492c4aa435&gl=cn&hl=zh-CN&tbs=qdr%3Ad&num=100 (Caused by SSLError(SSLEOFError(8, 'EOF occurred in violation of protocol (_ssl.c:997)')))
[2025-07-15 01:06:27] baidu_news | 江苏国金集团 | HTTPSConnectionPool(host='serpapi.com', port=443): Read timed out. (read timeout=15)
[2025-07-15 01:06:59] bing_news | 江苏国金集团 | HTTPSConnectionPool(host='serpapi.com', port=443): Max retries exceeded with url: /search.json?engine=bing_news&q=%E6%B1%9F%E8%8B%8F%E5%9B%BD%E9%87%91%E9%9B%86%E5%9B%A2&api_key=58b64c1579e705e959c09826bc621bbf941345d4617bdae14a0734492c4aa435&mkt=zh-hk&qft=interval%3D%227%22&count=50 (Caused by SSLError(SSLEOFError(8, 'EOF occurred in violation of protocol (_ssl.c:997)')))
[2025-07-15 01:07:20] duckduckgo_news | 江苏国金集团 | HTTPSConnectionPool(host='serpapi.com', port=443): Max retries exceeded with url: /search.json?engine=duckduckgo_news&q=%E6%B1%9F%E8%8B%8F%E5%9B%BD%E9%87%91%E9%9B%86%E5%9B%A2&api_key=58b64c1579e705e959c09826bc621bbf941345d4617bdae14a0734492c4aa435&kl=cn-zh&df=d (Caused by SSLError(SSLEOFError(8, 'EOF occurred in violation of protocol (_ssl.c:997)')))
[2025-07-15 01:07:41] google_news | 江苏规划设计集团 | HTTPSConnectionPool(host='serpapi.com', port=443): Max retries exceeded with url: /search.json?engine=google_news&q=%E6%B1%9F%E8%8B%8F%E8%A7%84%E5%88%92%E8%AE%BE%E8%AE%A1%E9%9B%86%E5%9B%A2&api_key=58b64c1579e705e959c09826bc621bbf941345d4617bdae14a0734492c4aa435&gl=cn&hl=zh-CN&tbs=qdr%3Ad&num=100 (Caused by SSLError(SSLEOFError(8, 'EOF occurred in violation of protocol (_ssl.c:997)')))
[2025-07-15 01:08:02] baidu_news | 江苏规划设计集团 | HTTPSConnectionPool(host='serpapi.com', port=443): Max retries exceeded with url: /search.json?engine=baidu_news&q=%E6%B1%9F%E8%8B%8F%E8%A7%84%E5%88%92%E8%AE%BE%E8%AE%A1%E9%9B%86%E5%9B%A2&api_key=58b64c1579e705e959c09826bc621bbf941345d4617bdae14a0734492c4aa435&rtt=4&pn=0 (Caused by SSLError(SSLEOFError(8, 'EOF occurred in violation of protocol (_ssl.c:997)')))
[2025-07-15 01:08:23] bing_news | 江苏规划设计集团 | HTTPSConnectionPool(host='serpapi.com', port=443): Max retries exceeded with url: /search.json?engine=bing_news&q=%E6%B1%9F%E8%8B%8F%E8%A7%84%E5%88%92%E8%AE%BE%E8%AE%A1%E9%9B%86%E5%9B%A2&api_key=58b64c1579e705e959c09826bc621bbf941345d4617bdae14a0734492c4aa435&mkt=zh-hk&qft=interval%3D%227%22&count=50 (Caused by SSLError(SSLEOFError(8, 'EOF occurred in violation of protocol (_ssl.c:997)')))
[2025-07-15 01:08:44] duckduckgo_news | 江苏规划设计集团 | HTTPSConnectionPool(host='serpapi.com', port=443): Max retries exceeded with url: /search.json?engine=duckduckgo_news&q=%E6%B1%9F%E8%8B%8F%E8%A7%84%E5%88%92%E8%AE%BE%E8%AE%A1%E9%9B%86%E5%9B%A2&api_key=58b64c1579e705e959c09826bc621bbf941345d4617bdae14a0734492c4aa435&kl=cn-zh&df=d (Caused by SSLError(SSLEOFError(8, 'EOF occurred in violation of protocol (_ssl.c:997)')))
[2025-07-15 01:09:05] google_news | 江苏省数据集团 | HTTPSConnectionPool(host='serpapi.com', port=443): Max retries exceeded with url: /search.json?engine=google_news&q=%E6%B1%9F%E8%8B%8F%E7%9C%81%E6%95%B0%E6%8D%AE%E9%9B%86%E5%9B%A2&api_key=58b64c1579e705e959c09826bc621bbf941345d4617bdae14a0734492c4aa435&gl=cn&hl=zh-CN&tbs=qdr%3Ad&num=100 (Caused by SSLError(SSLEOFError(8, 'EOF occurred in violation of protocol (_ssl.c:997)')))
[2025-07-15 01:09:26] baidu_news | 江苏省数据集团 | HTTPSConnectionPool(host='serpapi.com', port=443): Max retries exceeded with url: /search.json?engine=baidu_news&q=%E6%B1%9F%E8%8B%8F%E7%9C%81%E6%95%B0%E6%8D%AE%E9%9B%86%E5%9B%A2&api_key=58b64c1579e705e959c09826bc621bbf941345d4617bdae14a0734492c4aa435&rtt=4&pn=0 (Caused by SSLError(SSLEOFError(8, 'EOF occurred in violation of protocol (_ssl.c:997)')))
[2025-07-15 01:09:48] bing_news | 江苏省数据集团 | HTTPSConnectionPool(host='serpapi.com', port=443): Max retries exceeded with url: /search.json?engine=bing_news&q=%E6%B1%9F%E8%8B%8F%E7%9C%81%E6%95%B0%E6%8D%AE%E9%9B%86%E5%9B%A2&api_key=58b64c1579e705e959c09826bc621bbf941345d4617bdae14a0734492c4aa435&mkt=zh-hk&qft=interval%3D%227%22&count=50 (Caused by SSLError(SSLEOFError(8, 'EOF occurred in violation of protocol (_ssl.c:997)')))
[2025-07-15 01:10:09] duckduckgo_news | 江苏省数据集团 | HTTPSConnectionPool(host='serpapi.com', port=443): Max retries exceeded with url: /search.json?engine=duckduckgo_news&q=%E6%B1%9F%E8%8B%8F%E7%9C%81%E6%95%B0%E6%8D%AE%E9%9B%86%E5%9B%A2&api_key=58b64c1579e705e959c09826bc621bbf941345d4617bdae14a0734492c4aa435&kl=cn-zh&df=d (Caused by SSLError(SSLEOFError(8, 'EOF occurred in violation of protocol (_ssl.c:997)')))
[2025-07-15 04:45:37] ERROR
脚本: fetch_content.py
关键词: 养老
错误类型: CONTENT_FETCH_ERROR
错误信息: 抓取正文时发生异常: Message: unknown error: net::ERR_PROXY_CONNECTION_FAILED
  (Session info: chrome=138.0.7204.101)
Stacktrace:
0   chromedriver                        0x00000001027bce6c cxxbridge1$str$ptr + 2722840
1   chromedriver                        0x00000001027b4d74 cxxbridge1$str$ptr + 2689824
2   chromedriver                        0x00000001023063ec cxxbridge1$string$len + 90648
3   chromedriver                        0x00000001022fe430 cxxbridge1$string$len + 57948
4   chromedriver                        0x00000001022f1484 cxxbridge1$string$len + 4784
5   chromedriver                        0x00000001022f2e88 cxxbridge1$string$len + 11444
6   chromedriver                        0x00000001022f18d8 cxxbridge1$string$len + 5892
7   chromedriver                        0x00000001022f122c cxxbridge1$string$len + 4184
8   chromedriver                        0x00000001022f0f78 cxxbridge1$string$len + 3492
9   chromedriver                        0x00000001022eed30 chromedriver + 191792
10  chromedriver                        0x00000001022ef78c chromedriver + 194444
11  chromedriver                        0x0000000102309450 cxxbridge1$string$len + 103036
12  chromedriver                        0x000000010238f3bc cxxbridge1$string$len + 651752
13  chromedriver                        0x000000010238e934 cxxbridge1$string$len + 649056
14  chromedriver                        0x0000000102341834 cxxbridge1$string$len + 333408
15  chromedriver                        0x000000010277ff88 cxxbridge1$str$ptr + 2473268
16  chromedriver                        0x00000001027831f4 cxxbridge1$str$ptr + 2486176
17  chromedriver                        0x00000001027619d0 cxxbridge1$str$ptr + 2348924
18  chromedriver                        0x0000000102783ab0 cxxbridge1$str$ptr + 2488412
19  chromedriver                        0x0000000102752a60 cxxbridge1$str$ptr + 2287628
20  chromedriver                        0x00000001027a39a0 cxxbridge1$str$ptr + 2619212
21  chromedriver                        0x00000001027a3b2c cxxbridge1$str$ptr + 2619608
22  chromedriver                        0x00000001027b49b0 cxxbridge1$str$ptr + 2688860
23  libsystem_pthread.dylib             0x0000000184822c0c _pthread_start + 136
24  libsystem_pthread.dylib             0x000000018481db80 thread_start + 8

上下文信息: {
  "url": "https://www.yicai.com/video/102722049.html",
  "title": "本月多笔钱或密集到账 !来看看都有哪些民生福利？"
}
==================================================

[2025-07-15 08:08:24] ERROR
脚本: fetch_content.py
关键词: unknown
错误类型: PROGRAM_CRASH
错误信息: 用户中断程序执行
上下文信息: {
  "stage": "正文抓取处理"
}
==================================================

[2025-07-15 08:08:24] ERROR
脚本: main.py
关键词: unknown
错误类型: PROGRAM_CRASH
错误信息: 用户中断程序执行
上下文信息: {
  "stage": "正文抓取阶段"
}
==================================================

[2025-07-15 09:25:11] ERROR
脚本: fetch_content.py
关键词: unknown
错误类型: PROGRAM_CRASH
错误信息: 用户中断程序执行
上下文信息: {
  "stage": "正文抓取处理"
}
==================================================

[2025-07-16 00:08:43] ERROR
脚本: fetch_and_filter.py
关键词: unknown
错误类型: PROGRAM_CRASH
错误信息: 用户中断程序执行
上下文信息: {
  "stage": "main"
}
==================================================

[2025-07-16 00:08:43] ERROR
脚本: main.py
关键词: unknown
错误类型: PROGRAM_CRASH
错误信息: 用户中断程序执行
上下文信息: {
  "stage": "新闻采集阶段"
}
==================================================

[2025-07-16 03:00:00] ERROR
脚本: write_to_mysql.py
关键词: unknown
错误类型: MAIN_FUNCTION_ERROR
错误信息: write_to_mysql.py 执行过程中发生异常: (2013, 'Lost connection to MySQL server during query')
==================================================

[2025-07-16 06:26:11] ERROR
脚本: write_to_mysql.py
关键词: unknown
错误类型: PROGRAM_CRASH
错误信息: 用户中断程序执行
上下文信息: {
  "stage": "main"
}
==================================================

[2025-07-17 00:42:43] ERROR
脚本: fetch_content.py
关键词: 养老
错误类型: CONTENT_FETCH_ERROR
错误信息: 抓取正文时发生异常: Could not reach host. Are you offline?
上下文信息: {
  "url": "https://www.cnstock.com/commonDetail/471850",
  "title": "京津冀金融科技创新监管工具项目落地天津养老社区"
}
==================================================

[2025-07-17 21:49:46] ERROR
脚本: news_summarizer.py
关键词: unknown
错误类型: PROGRAM_CRASH
错误信息: 用户中断程序执行
上下文信息: {
  "stage": "main"
}
==================================================

[2025-07-18 06:07:58] duckduckgo_news | 江苏省国资委 | HTTPSConnectionPool(host='serpapi.com', port=443): Read timed out. (read timeout=15)
[2025-07-18 07:13:09] ERROR
脚本: fetch_content.py
关键词: unknown
错误类型: PROGRAM_CRASH
错误信息: 用户中断程序执行
上下文信息: {
  "stage": "正文抓取处理"
}
==================================================

[2025-07-18 07:13:09] ERROR
脚本: main.py
关键词: unknown
错误类型: PROGRAM_CRASH
错误信息: 用户中断程序执行
上下文信息: {
  "stage": "正文抓取阶段"
}
==================================================

[2025-07-20 00:05:01] ERROR
脚本: main.py
关键词: unknown
错误类型: SUBPROCESS_ERROR
错误信息: 命令执行失败，返回码: 127
错误输出: /bin/sh: python: command not found

上下文信息: {
  "command": "python news_summarizer.py --date 2025-07-19",
  "step": "自动总结主关键词",
  "returncode": 127
}
==================================================

[2025-07-20 07:48:15] google_news | 养老 | HTTPSConnectionPool(host='serpapi.com', port=443): Max retries exceeded with url: /search.json?engine=google_news&q=%E5%85%BB%E8%80%81&api_key=58b64c1579e705e959c09826bc621bbf941345d4617bdae14a0734492c4aa435&gl=cn&hl=zh-CN&tbs=qdr%3Ad&num=100 (Caused by ProxyError('Unable to connect to proxy', NewConnectionError('<urllib3.connection.HTTPSConnection object at 0x1065cb040>: Failed to establish a new connection: [Errno 60] Operation timed out')))
[2025-07-20 07:48:44] baidu_news | 养老 | HTTPSConnectionPool(host='serpapi.com', port=443): Max retries exceeded with url: /search.json?engine=baidu_news&q=%E5%85%BB%E8%80%81&api_key=58b64c1579e705e959c09826bc621bbf941345d4617bdae14a0734492c4aa435&rtt=4&rn=50 (Caused by ProxyError('Unable to connect to proxy', NewConnectionError('<urllib3.connection.HTTPSConnection object at 0x106453df0>: Failed to establish a new connection: [Errno 60] Operation timed out')))
[2025-07-20 07:49:14] bing_news | 养老 | HTTPSConnectionPool(host='serpapi.com', port=443): Max retries exceeded with url: /search.json?engine=bing_news&q=%E5%85%BB%E8%80%81&api_key=58b64c1579e705e959c09826bc621bbf941345d4617bdae14a0734492c4aa435&mkt=zh-hk&qft=interval%3D%227%22&count=50 (Caused by ProxyError('Unable to connect to proxy', NewConnectionError('<urllib3.connection.HTTPSConnection object at 0x1064354f0>: Failed to establish a new connection: [Errno 60] Operation timed out')))
[2025-07-27 15:36:35] ERROR
脚本: fetch_content.py
关键词: unknown
错误类型: MAIN_FUNCTION_ERROR
错误信息: fetch_content.py 执行过程中发生异常: Could not reach host. Are you offline?
==================================================

[2025-08-14 22:05:40] bing_news | 公积金 | 400 Client Error: Bad Request for url: https://serpapi.com/search.json?engine=bing_news&q=%E5%85%AC%E7%A7%AF%E9%87%91&api_key=58b64c1579e705e959c09826bc621bbf941345d4617bdae14a0734492c4aa435&cc=CN&qft=interval%3D%227%22&count=50&first=1
[2025-08-14 22:09:36] bing_news | 公积金 | No module named 'serpapi'
[2025-08-16 17:33:30] ERROR
脚本: test_fetcher.py
关键词: unknown
错误类型: UNCAUGHT_EXCEPTION
错误信息: ImportError: cannot import name 'is_baidu_news_yesterday' from 'main' (/Users/liuliang/python/serp_news/main.py)
详细堆栈:
Traceback (most recent call last):
  File "/Users/liuliang/python/serp_news/test_fetcher.py", line 6, in <module>
    from main import is_baidu_news_yesterday, parse_baidu_news_date, is_google_news_yesterday, parse_google_news_date, is_duckduckgo_news_yesterday, parse_duckduckgo_news_date
ImportError: cannot import name 'is_baidu_news_yesterday' from 'main' (/Users/liuliang/python/serp_news/main.py)

==================================================

[2025-09-01 16:15:42] bing_news | 烟草 | No module named 'serpapi'
[2025-09-01 16:16:50] bing_news | 养老 | No module named 'serpapi'
[2025-11-12 18:37:44] ERROR
脚本: news_item_summarizer.py
关键词: unknown
错误类型: DB_UPDATE_ERROR
错误信息: (2013, 'Lost connection to MySQL server during query')
上下文信息: {
  "id": 59005
}
==================================================

[2025-11-12 19:13:00] ERROR
脚本: news_item_summarizer.py
关键词: unknown
错误类型: DB_UPDATE_ERROR
错误信息: (0, '')
上下文信息: {
  "id": 59006
}
==================================================

[2025-11-12 19:13:20] ERROR
脚本: news_item_summarizer.py
关键词: unknown
错误类型: DB_UPDATE_ERROR
错误信息: (0, '')
上下文信息: {
  "id": 59007
}
==================================================

[2025-11-12 19:46:06] ERROR
脚本: news_item_summarizer.py
关键词: unknown
错误类型: DB_UPDATE_ERROR
错误信息: (0, '')
上下文信息: {
  "id": 59008
}
==================================================

[2025-11-12 19:46:06] ERROR
脚本: news_item_summarizer.py
关键词: unknown
错误类型: DB_UPDATE_ERROR
错误信息: (0, '')
上下文信息: {
  "id": 59011
}
==================================================

[2025-11-12 19:46:20] ERROR
脚本: news_item_summarizer.py
关键词: unknown
错误类型: DB_UPDATE_ERROR
错误信息: (0, '')
上下文信息: {
  "id": 59012
}
==================================================

[2025-11-12 19:46:20] ERROR
脚本: news_item_summarizer.py
关键词: unknown
错误类型: DB_UPDATE_ERROR
错误信息: (0, '')
上下文信息: {
  "id": 59013
}
==================================================

[2025-11-12 19:46:20] ERROR
脚本: news_item_summarizer.py
关键词: unknown
错误类型: DB_UPDATE_ERROR
错误信息: (0, '')
上下文信息: {
  "id": 59014
}
==================================================

[2025-11-12 20:15:44] ERROR
脚本: news_item_summarizer.py
关键词: unknown
错误类型: DB_UPDATE_ERROR
错误信息: (0, '')
上下文信息: {
  "id": 59015
}
==================================================

[2025-11-12 20:16:03] ERROR
脚本: news_item_summarizer.py
关键词: unknown
错误类型: DB_UPDATE_ERROR
错误信息: (0, '')
上下文信息: {
  "id": 59016
}
==================================================

[2025-11-12 20:16:04] ERROR
脚本: news_item_summarizer.py
关键词: unknown
错误类型: DB_UPDATE_ERROR
错误信息: (0, '')
上下文信息: {
  "id": 59017
}
==================================================

[2025-11-12 20:16:04] ERROR
脚本: news_item_summarizer.py
关键词: unknown
错误类型: DB_UPDATE_ERROR
错误信息: (0, '')
上下文信息: {
  "id": 59018
}
==================================================

[2025-11-12 20:32:52] ERROR
脚本: news_item_summarizer.py
关键词: unknown
错误类型: DB_UPDATE_ERROR
错误信息: (0, '')
上下文信息: {
  "id": 59019
}
==================================================

[2025-11-12 21:06:45] ERROR
脚本: news_item_summarizer.py
关键词: unknown
错误类型: DB_UPDATE_ERROR
错误信息: (0, '')
上下文信息: {
  "id": 59020
}
==================================================

[2025-11-12 21:06:56] ERROR
脚本: news_item_summarizer.py
关键词: unknown
错误类型: DB_UPDATE_ERROR
错误信息: (0, '')
上下文信息: {
  "id": 59021
}
==================================================

[2025-11-12 21:16:55] ERROR
脚本: news_item_summarizer.py
关键词: unknown
错误类型: DB_UPDATE_ERROR
错误信息: (0, '')
上下文信息: {
  "id": 59022
}
==================================================

[2025-11-12 21:17:10] ERROR
脚本: news_item_summarizer.py
关键词: unknown
错误类型: DB_UPDATE_ERROR
错误信息: (0, '')
上下文信息: {
  "id": 59023
}
==================================================

[2025-11-12 21:17:21] ERROR
脚本: news_item_summarizer.py
关键词: unknown
错误类型: DB_UPDATE_ERROR
错误信息: (0, '')
上下文信息: {
  "id": 59024
}
==================================================

[2025-11-12 21:17:21] ERROR
脚本: news_item_summarizer.py
关键词: unknown
错误类型: DB_UPDATE_ERROR
错误信息: (0, '')
上下文信息: {
  "id": 59025
}
==================================================

[2025-11-12 21:17:21] ERROR
脚本: news_item_summarizer.py
关键词: unknown
错误类型: DB_UPDATE_ERROR
错误信息: (0, '')
上下文信息: {
  "id": 59026
}
==================================================

[2025-11-12 21:17:21] ERROR
脚本: news_item_summarizer.py
关键词: unknown
错误类型: DB_UPDATE_ERROR
错误信息: (0, '')
上下文信息: {
  "id": 59027
}
==================================================

[2025-11-12 21:51:55] ERROR
脚本: news_item_summarizer.py
关键词: unknown
错误类型: DB_UPDATE_ERROR
错误信息: (0, '')
上下文信息: {
  "id": 59028
}
==================================================

[2025-11-12 21:51:55] ERROR
脚本: news_item_summarizer.py
关键词: unknown
错误类型: DB_UPDATE_ERROR
错误信息: (0, '')
上下文信息: {
  "id": 59029
}
==================================================

[2025-11-12 21:51:55] ERROR
脚本: news_item_summarizer.py
关键词: unknown
错误类型: DB_UPDATE_ERROR
错误信息: (0, '')
上下文信息: {
  "id": 59030
}
==================================================

[2025-11-12 21:52:05] ERROR
脚本: news_item_summarizer.py
关键词: unknown
错误类型: DB_UPDATE_ERROR
错误信息: (0, '')
上下文信息: {
  "id": 59031
}
==================================================

[2025-11-12 21:52:15] ERROR
脚本: news_item_summarizer.py
关键词: unknown
错误类型: DB_UPDATE_ERROR
错误信息: (0, '')
上下文信息: {
  "id": 59119
}
==================================================

[2025-11-12 22:18:03] ERROR
脚本: news_item_summarizer.py
关键词: unknown
错误类型: DB_UPDATE_ERROR
错误信息: (0, '')
上下文信息: {
  "id": 59120
}
==================================================

[2025-11-12 22:18:17] ERROR
脚本: news_item_summarizer.py
关键词: unknown
错误类型: DB_UPDATE_ERROR
错误信息: (0, '')
上下文信息: {
  "id": 59121
}
==================================================

[2025-11-12 23:06:54] ERROR
脚本: news_item_summarizer.py
关键词: unknown
错误类型: DB_UPDATE_ERROR
错误信息: (0, '')
上下文信息: {
  "id": 59122
}
==================================================

[2025-11-12 23:07:07] ERROR
脚本: news_item_summarizer.py
关键词: unknown
错误类型: DB_UPDATE_ERROR
错误信息: (0, '')
上下文信息: {
  "id": 59127
}
==================================================

[2025-11-12 23:07:20] ERROR
脚本: news_item_summarizer.py
关键词: unknown
错误类型: DB_UPDATE_ERROR
错误信息: (0, '')
上下文信息: {
  "id": 59128
}
==================================================

[2025-11-12 23:36:51] ERROR
脚本: news_item_summarizer.py
关键词: unknown
错误类型: DB_UPDATE_ERROR
错误信息: (0, '')
上下文信息: {
  "id": 59129
}
==================================================

[2025-11-12 23:37:05] ERROR
脚本: news_item_summarizer.py
关键词: unknown
错误类型: DB_UPDATE_ERROR
错误信息: (0, '')
上下文信息: {
  "id": 59130
}
==================================================

[2025-11-12 23:37:17] ERROR
脚本: news_item_summarizer.py
关键词: unknown
错误类型: DB_UPDATE_ERROR
错误信息: (0, '')
上下文信息: {
  "id": 59131
}
==================================================

[2025-11-12 23:37:27] ERROR
脚本: news_item_summarizer.py
关键词: unknown
错误类型: DB_UPDATE_ERROR
错误信息: (0, '')
上下文信息: {
  "id": 59132
}
==================================================

[2025-11-13 00:10:47] ERROR
脚本: news_item_summarizer.py
关键词: unknown
错误类型: DB_UPDATE_ERROR
错误信息: (0, '')
上下文信息: {
  "id": 59133
}
==================================================

[2025-11-13 00:10:48] ERROR
脚本: news_item_summarizer.py
关键词: unknown
错误类型: DB_UPDATE_ERROR
错误信息: (0, '')
上下文信息: {
  "id": 59134
}
==================================================

[2025-11-13 00:11:00] ERROR
脚本: news_item_summarizer.py
关键词: unknown
错误类型: DB_UPDATE_ERROR
错误信息: (0, '')
上下文信息: {
  "id": 59135
}
==================================================

[2025-11-13 00:11:13] ERROR
脚本: news_item_summarizer.py
关键词: unknown
错误类型: DB_UPDATE_ERROR
错误信息: (0, '')
上下文信息: {
  "id": 59136
}
==================================================

[2025-11-13 00:11:24] ERROR
脚本: news_item_summarizer.py
关键词: unknown
错误类型: DB_UPDATE_ERROR
错误信息: (0, '')
上下文信息: {
  "id": 59137
}
==================================================

[2025-11-13 00:20:46] ERROR
脚本: news_item_summarizer.py
关键词: unknown
错误类型: DB_UPDATE_ERROR
错误信息: (0, '')
上下文信息: {
  "id": 59138
}
==================================================

[2025-11-13 00:20:59] ERROR
脚本: news_item_summarizer.py
关键词: unknown
错误类型: DB_UPDATE_ERROR
错误信息: (0, '')
上下文信息: {
  "id": 59139
}
==================================================

[2025-11-13 00:21:10] ERROR
脚本: news_item_summarizer.py
关键词: unknown
错误类型: DB_UPDATE_ERROR
错误信息: (0, '')
上下文信息: {
  "id": 59140
}
==================================================

[2025-11-13 00:21:10] ERROR
脚本: news_item_summarizer.py
关键词: unknown
错误类型: DB_UPDATE_ERROR
错误信息: (0, '')
上下文信息: {
  "id": 59141
}
==================================================

[2025-11-13 00:21:21] ERROR
脚本: news_item_summarizer.py
关键词: unknown
错误类型: DB_UPDATE_ERROR
错误信息: (0, '')
上下文信息: {
  "id": 59142
}
==================================================

[2025-11-13 00:21:29] ERROR
脚本: news_item_summarizer.py
关键词: unknown
错误类型: DB_UPDATE_ERROR
错误信息: (0, '')
上下文信息: {
  "id": 59143
}
==================================================

[2025-11-13 00:21:37] ERROR
脚本: news_item_summarizer.py
关键词: unknown
错误类型: DB_UPDATE_ERROR
错误信息: (0, '')
上下文信息: {
  "id": 59144
}
==================================================

[2025-11-13 00:21:53] ERROR
脚本: news_item_summarizer.py
关键词: unknown
错误类型: DB_UPDATE_ERROR
错误信息: (0, '')
上下文信息: {
  "id": 59145
}
==================================================

[2025-11-13 00:22:07] ERROR
脚本: news_item_summarizer.py
关键词: unknown
错误类型: DB_UPDATE_ERROR
错误信息: (0, '')
上下文信息: {
  "id": 59146
}
==================================================

[2025-11-13 08:55:30] ERROR
脚本: news_item_summarizer.py
关键词: unknown
错误类型: DB_UPDATE_ERROR
错误信息: (2013, 'Lost connection to MySQL server during query')
上下文信息: {
  "id": 59231
}
==================================================

[2025-11-13 08:55:30] ERROR
脚本: news_item_summarizer.py
关键词: unknown
错误类型: DB_UPDATE_ERROR
错误信息: (0, '')
上下文信息: {
  "id": 59232
}
==================================================

[2025-11-13 08:55:42] ERROR
脚本: news_item_summarizer.py
关键词: unknown
错误类型: DB_UPDATE_ERROR
错误信息: (0, '')
上下文信息: {
  "id": 59233
}
==================================================

[2025-11-13 08:55:42] ERROR
脚本: news_item_summarizer.py
关键词: unknown
错误类型: DB_UPDATE_ERROR
错误信息: (0, '')
上下文信息: {
  "id": 59234
}
==================================================

[2025-11-13 08:55:53] ERROR
脚本: news_item_summarizer.py
关键词: unknown
错误类型: DB_UPDATE_ERROR
错误信息: (0, '')
上下文信息: {
  "id": 59235
}
==================================================

[2025-11-13 08:55:53] ERROR
脚本: news_item_summarizer.py
关键词: unknown
错误类型: DB_UPDATE_ERROR
错误信息: (0, '')
上下文信息: {
  "id": 59236
}
==================================================

[2025-11-13 08:56:11] ERROR
脚本: news_item_summarizer.py
关键词: unknown
错误类型: DB_UPDATE_ERROR
错误信息: (0, '')
上下文信息: {
  "id": 59246
}
==================================================

[2025-11-13 08:56:26] ERROR
脚本: news_item_summarizer.py
关键词: unknown
错误类型: DB_UPDATE_ERROR
错误信息: (0, '')
上下文信息: {
  "id": 59247
}
==================================================

[2025-11-13 08:56:44] ERROR
脚本: news_item_summarizer.py
关键词: unknown
错误类型: DB_UPDATE_ERROR
错误信息: (0, '')
上下文信息: {
  "id": 59248
}
==================================================

[2025-11-13 08:57:00] ERROR
脚本: news_item_summarizer.py
关键词: unknown
错误类型: DB_UPDATE_ERROR
错误信息: (0, '')
上下文信息: {
  "id": 59249
}
==================================================

[2025-11-13 08:57:16] ERROR
脚本: news_item_summarizer.py
关键词: unknown
错误类型: DB_UPDATE_ERROR
错误信息: (0, '')
上下文信息: {
  "id": 59250
}
==================================================

[2025-11-13 08:57:31] ERROR
脚本: news_item_summarizer.py
关键词: unknown
错误类型: DB_UPDATE_ERROR
错误信息: (0, '')
上下文信息: {
  "id": 59251
}
==================================================

[2025-11-13 08:57:47] ERROR
脚本: news_item_summarizer.py
关键词: unknown
错误类型: DB_UPDATE_ERROR
错误信息: (0, '')
上下文信息: {
  "id": 59252
}
==================================================

[2025-11-13 08:58:04] ERROR
脚本: news_item_summarizer.py
关键词: unknown
错误类型: DB_UPDATE_ERROR
错误信息: (0, '')
上下文信息: {
  "id": 59253
}
==================================================

[2025-11-13 08:58:21] ERROR
脚本: news_item_summarizer.py
关键词: unknown
错误类型: DB_UPDATE_ERROR
错误信息: (0, '')
上下文信息: {
  "id": 59254
}
==================================================

[2025-11-13 08:58:37] ERROR
脚本: news_item_summarizer.py
关键词: unknown
错误类型: DB_UPDATE_ERROR
错误信息: (0, '')
上下文信息: {
  "id": 59259
}
==================================================

[2025-11-13 08:58:38] ERROR
脚本: news_item_summarizer.py
关键词: unknown
错误类型: DB_UPDATE_ERROR
错误信息: (0, '')
上下文信息: {
  "id": 59260
}
==================================================

[2025-11-13 08:58:53] ERROR
脚本: news_item_summarizer.py
关键词: unknown
错误类型: DB_UPDATE_ERROR
错误信息: (0, '')
上下文信息: {
  "id": 59261
}
==================================================

[2025-11-13 08:58:53] ERROR
脚本: news_item_summarizer.py
关键词: unknown
错误类型: DB_UPDATE_ERROR
错误信息: (0, '')
上下文信息: {
  "id": 59262
}
==================================================

[2025-11-13 08:59:05] ERROR
脚本: news_item_summarizer.py
关键词: unknown
错误类型: DB_UPDATE_ERROR
错误信息: (0, '')
上下文信息: {
  "id": 59263
}
==================================================

[2025-11-13 08:59:22] ERROR
脚本: news_item_summarizer.py
关键词: unknown
错误类型: DB_UPDATE_ERROR
错误信息: (0, '')
上下文信息: {
  "id": 59264
}
==================================================

[2025-11-13 08:59:36] ERROR
脚本: news_item_summarizer.py
关键词: unknown
错误类型: DB_UPDATE_ERROR
错误信息: (0, '')
上下文信息: {
  "id": 59265
}
==================================================

[2025-11-13 08:59:58] ERROR
脚本: news_item_summarizer.py
关键词: unknown
错误类型: DB_UPDATE_ERROR
错误信息: (0, '')
上下文信息: {
  "id": 59266
}
==================================================

[2025-11-13 09:00:15] ERROR
脚本: news_item_summarizer.py
关键词: unknown
错误类型: DB_UPDATE_ERROR
错误信息: (0, '')
上下文信息: {
  "id": 59267
}
==================================================

[2025-11-13 09:00:26] ERROR
脚本: news_item_summarizer.py
关键词: unknown
错误类型: DB_UPDATE_ERROR
错误信息: (0, '')
上下文信息: {
  "id": 59268
}
==================================================

[2025-11-13 09:00:27] ERROR
脚本: news_item_summarizer.py
关键词: unknown
错误类型: DB_UPDATE_ERROR
错误信息: (0, '')
上下文信息: {
  "id": 59269
}
==================================================

[2025-11-13 09:00:27] ERROR
脚本: news_item_summarizer.py
关键词: unknown
错误类型: DB_UPDATE_ERROR
错误信息: (0, '')
上下文信息: {
  "id": 59270
}
==================================================

[2025-11-13 09:00:27] ERROR
脚本: news_item_summarizer.py
关键词: unknown
错误类型: DB_UPDATE_ERROR
错误信息: (0, '')
上下文信息: {
  "id": 59271
}
==================================================

[2025-11-13 09:00:27] ERROR
脚本: news_item_summarizer.py
关键词: unknown
错误类型: DB_UPDATE_ERROR
错误信息: (0, '')
上下文信息: {
  "id": 59272
}
==================================================

[2025-11-13 09:00:40] ERROR
脚本: news_item_summarizer.py
关键词: unknown
错误类型: DB_UPDATE_ERROR
错误信息: (0, '')
上下文信息: {
  "id": 59273
}
==================================================

[2025-11-13 09:00:58] ERROR
脚本: news_item_summarizer.py
关键词: unknown
错误类型: DB_UPDATE_ERROR
错误信息: (0, '')
上下文信息: {
  "id": 59274
}
==================================================

[2025-11-13 09:01:12] ERROR
脚本: news_item_summarizer.py
关键词: unknown
错误类型: DB_UPDATE_ERROR
错误信息: (0, '')
上下文信息: {
  "id": 59275
}
==================================================

[2025-11-13 09:01:25] ERROR
脚本: news_item_summarizer.py
关键词: unknown
错误类型: DB_UPDATE_ERROR
错误信息: (0, '')
上下文信息: {
  "id": 59276
}
==================================================

[2025-11-13 09:01:37] ERROR
脚本: news_item_summarizer.py
关键词: unknown
错误类型: DB_UPDATE_ERROR
错误信息: (0, '')
上下文信息: {
  "id": 59277
}
==================================================

[2025-11-13 09:01:52] ERROR
脚本: news_item_summarizer.py
关键词: unknown
错误类型: DB_UPDATE_ERROR
错误信息: (0, '')
上下文信息: {
  "id": 59278
}
==================================================

[2025-11-13 09:02:06] ERROR
脚本: news_item_summarizer.py
关键词: unknown
错误类型: DB_UPDATE_ERROR
错误信息: (0, '')
上下文信息: {
  "id": 59279
}
==================================================

[2025-11-13 09:02:25] ERROR
脚本: news_item_summarizer.py
关键词: unknown
错误类型: DB_UPDATE_ERROR
错误信息: (0, '')
上下文信息: {
  "id": 59280
}
==================================================

[2025-11-13 09:02:25] ERROR
脚本: news_item_summarizer.py
关键词: unknown
错误类型: DB_UPDATE_ERROR
错误信息: (0, '')
上下文信息: {
  "id": 59281
}
==================================================

[2025-11-13 09:02:40] ERROR
脚本: news_item_summarizer.py
关键词: unknown
错误类型: DB_UPDATE_ERROR
错误信息: (0, '')
上下文信息: {
  "id": 59282
}
==================================================

[2025-11-13 09:02:55] ERROR
脚本: news_item_summarizer.py
关键词: unknown
错误类型: DB_UPDATE_ERROR
错误信息: (0, '')
上下文信息: {
  "id": 59283
}
==================================================

[2025-11-13 09:02:55] ERROR
脚本: news_item_summarizer.py
关键词: unknown
错误类型: DB_UPDATE_ERROR
错误信息: (0, '')
上下文信息: {
  "id": 59375
}
==================================================

[2025-11-13 09:03:10] ERROR
脚本: news_item_summarizer.py
关键词: unknown
错误类型: DB_UPDATE_ERROR
错误信息: (0, '')
上下文信息: {
  "id": 59376
}
==================================================

[2025-11-13 09:03:27] ERROR
脚本: news_item_summarizer.py
关键词: unknown
错误类型: DB_UPDATE_ERROR
错误信息: (0, '')
上下文信息: {
  "id": 59377
}
==================================================

[2025-11-13 09:03:40] ERROR
脚本: news_item_summarizer.py
关键词: unknown
错误类型: DB_UPDATE_ERROR
错误信息: (0, '')
上下文信息: {
  "id": 59378
}
==================================================

[2025-11-13 09:03:57] ERROR
脚本: news_item_summarizer.py
关键词: unknown
错误类型: DB_UPDATE_ERROR
错误信息: (0, '')
上下文信息: {
  "id": 59379
}
==================================================

[2025-11-13 09:04:09] ERROR
脚本: news_item_summarizer.py
关键词: unknown
错误类型: DB_UPDATE_ERROR
错误信息: (0, '')
上下文信息: {
  "id": 59380
}
==================================================

[2025-11-13 09:04:24] ERROR
脚本: news_item_summarizer.py
关键词: unknown
错误类型: DB_UPDATE_ERROR
错误信息: (0, '')
上下文信息: {
  "id": 59385
}
==================================================

[2025-11-13 09:04:38] ERROR
脚本: news_item_summarizer.py
关键词: unknown
错误类型: DB_UPDATE_ERROR
错误信息: (0, '')
上下文信息: {
  "id": 59386
}
==================================================

[2025-11-13 09:04:54] ERROR
脚本: news_item_summarizer.py
关键词: unknown
错误类型: DB_UPDATE_ERROR
错误信息: (0, '')
上下文信息: {
  "id": 59387
}
==================================================

[2025-11-13 09:05:08] ERROR
脚本: news_item_summarizer.py
关键词: unknown
错误类型: DB_UPDATE_ERROR
错误信息: (0, '')
上下文信息: {
  "id": 59388
}
==================================================

[2025-11-13 09:05:22] ERROR
脚本: news_item_summarizer.py
关键词: unknown
错误类型: DB_UPDATE_ERROR
错误信息: (0, '')
上下文信息: {
  "id": 59389
}
==================================================

[2025-11-13 09:05:42] ERROR
脚本: news_item_summarizer.py
关键词: unknown
错误类型: DB_UPDATE_ERROR
错误信息: (0, '')
上下文信息: {
  "id": 59390
}
==================================================

[2025-11-13 09:05:59] ERROR
脚本: news_item_summarizer.py
关键词: unknown
错误类型: DB_UPDATE_ERROR
错误信息: (0, '')
上下文信息: {
  "id": 59391
}
==================================================

[2025-11-13 09:06:13] ERROR
脚本: news_item_summarizer.py
关键词: unknown
错误类型: DB_UPDATE_ERROR
错误信息: (0, '')
上下文信息: {
  "id": 59392
}
==================================================

[2025-11-13 09:06:30] ERROR
脚本: news_item_summarizer.py
关键词: unknown
错误类型: DB_UPDATE_ERROR
错误信息: (0, '')
上下文信息: {
  "id": 59393
}
==================================================

[2025-11-13 09:06:44] ERROR
脚本: news_item_summarizer.py
关键词: unknown
错误类型: DB_UPDATE_ERROR
错误信息: (0, '')
上下文信息: {
  "id": 59394
}
==================================================

